Archive member included to satisfy reference by file (symbol)

/usr/lib/x86_64-linux-gnu/libc_nonshared.a(elf-init.oS)
                              /usr/lib/gcc/x86_64-linux-gnu/7/../../../x86_64-linux-gnu/Scrt1.o (__libc_csu_init)

As-needed library included to satisfy reference by file (symbol)

libm.so.6                     build/py/objfloat.o (fmod@@GLIBC_2.2.5)
libc.so.6                     build/main.o (__printf_chk@@GLIBC_2.3.4)

Allocating common symbols
Common symbol       size              file

mp_state_ctx        0x358             build/py/mpstate.o

Discarded input sections

 .rodata.cst4   0x0000000000000000        0x4 /usr/lib/gcc/x86_64-linux-gnu/7/../../../x86_64-linux-gnu/Scrt1.o
 .data          0x0000000000000000        0x4 /usr/lib/gcc/x86_64-linux-gnu/7/../../../x86_64-linux-gnu/Scrt1.o
 .bss           0x0000000000000000        0x0 /usr/lib/gcc/x86_64-linux-gnu/7/../../../x86_64-linux-gnu/Scrt1.o
 .note.GNU-stack
                0x0000000000000000        0x0 /usr/lib/gcc/x86_64-linux-gnu/7/../../../x86_64-linux-gnu/Scrt1.o
 .text          0x0000000000000000        0x0 /usr/lib/gcc/x86_64-linux-gnu/7/../../../x86_64-linux-gnu/crti.o
 .data          0x0000000000000000        0x0 /usr/lib/gcc/x86_64-linux-gnu/7/../../../x86_64-linux-gnu/crti.o
 .bss           0x0000000000000000        0x0 /usr/lib/gcc/x86_64-linux-gnu/7/../../../x86_64-linux-gnu/crti.o
 .note.GNU-stack
                0x0000000000000000        0x0 /usr/lib/gcc/x86_64-linux-gnu/7/../../../x86_64-linux-gnu/crti.o
 .data          0x0000000000000000        0x0 /usr/lib/gcc/x86_64-linux-gnu/7/crtbeginS.o
 .note.GNU-stack
                0x0000000000000000        0x0 /usr/lib/gcc/x86_64-linux-gnu/7/crtbeginS.o
 .text          0x0000000000000000        0x0 build/py/mpstate.o
 .data          0x0000000000000000        0x0 build/py/mpstate.o
 .bss           0x0000000000000000        0x0 build/py/mpstate.o
 .note.GNU-stack
                0x0000000000000000        0x0 build/py/mpstate.o
 .text          0x0000000000000000        0x0 build/py/nlr.o
 .data          0x0000000000000000        0x0 build/py/nlr.o
 .bss           0x0000000000000000        0x0 build/py/nlr.o
 .note.GNU-stack
                0x0000000000000000        0x0 build/py/nlr.o
 .text          0x0000000000000000        0x0 build/py/nlrx86.o
 .data          0x0000000000000000        0x0 build/py/nlrx86.o
 .bss           0x0000000000000000        0x0 build/py/nlrx86.o
 .comment       0x0000000000000000       0x2a build/py/nlrx86.o
 .note.GNU-stack
                0x0000000000000000        0x0 build/py/nlrx86.o
 .text          0x0000000000000000        0x0 build/py/nlrx64.o
 .data          0x0000000000000000        0x0 build/py/nlrx64.o
 .bss           0x0000000000000000        0x0 build/py/nlrx64.o
 .note.GNU-stack
                0x0000000000000000        0x0 build/py/nlrx64.o
 .text          0x0000000000000000        0x0 build/py/nlrthumb.o
 .data          0x0000000000000000        0x0 build/py/nlrthumb.o
 .bss           0x0000000000000000        0x0 build/py/nlrthumb.o
 .comment       0x0000000000000000       0x2a build/py/nlrthumb.o
 .note.GNU-stack
                0x0000000000000000        0x0 build/py/nlrthumb.o
 .text          0x0000000000000000        0x0 build/py/nlraarch64.o
 .data          0x0000000000000000        0x0 build/py/nlraarch64.o
 .bss           0x0000000000000000        0x0 build/py/nlraarch64.o
 .comment       0x0000000000000000       0x2a build/py/nlraarch64.o
 .note.GNU-stack
                0x0000000000000000        0x0 build/py/nlraarch64.o
 .text          0x0000000000000000        0x0 build/py/nlrpowerpc.o
 .data          0x0000000000000000        0x0 build/py/nlrpowerpc.o
 .bss           0x0000000000000000        0x0 build/py/nlrpowerpc.o
 .comment       0x0000000000000000       0x2a build/py/nlrpowerpc.o
 .note.GNU-stack
                0x0000000000000000        0x0 build/py/nlrpowerpc.o
 .text          0x0000000000000000        0x0 build/py/nlrxtensa.o
 .data          0x0000000000000000        0x0 build/py/nlrxtensa.o
 .bss           0x0000000000000000        0x0 build/py/nlrxtensa.o
 .comment       0x0000000000000000       0x2a build/py/nlrxtensa.o
 .note.GNU-stack
                0x0000000000000000        0x0 build/py/nlrxtensa.o
 .text          0x0000000000000000        0x0 build/py/nlrsetjmp.o
 .data          0x0000000000000000        0x0 build/py/nlrsetjmp.o
 .bss           0x0000000000000000        0x0 build/py/nlrsetjmp.o
 .comment       0x0000000000000000       0x2a build/py/nlrsetjmp.o
 .note.GNU-stack
                0x0000000000000000        0x0 build/py/nlrsetjmp.o
 .text          0x0000000000000000        0x0 build/py/malloc.o
 .data          0x0000000000000000        0x0 build/py/malloc.o
 .bss           0x0000000000000000        0x0 build/py/malloc.o
 .note.GNU-stack
                0x0000000000000000        0x0 build/py/malloc.o
 .text          0x0000000000000000        0x0 build/py/gc.o
[...]
Memory Configuration

Name             Origin             Length             Attributes
*default*        0x0000000000000000 0xffffffffffffffff

Linker script and memory map

LOAD /usr/lib/gcc/x86_64-linux-gnu/7/../../../x86_64-linux-gnu/Scrt1.o
LOAD /usr/lib/gcc/x86_64-linux-gnu/7/../../../x86_64-linux-gnu/crti.o
LOAD /usr/lib/gcc/x86_64-linux-gnu/7/crtbeginS.o
LOAD build/py/mpstate.o
LOAD build/py/nlr.o
LOAD build/py/nlrx86.o
LOAD build/py/nlrx64.o
LOAD build/py/nlrthumb.o
LOAD build/py/nlraarch64.o
LOAD build/py/nlrpowerpc.o
LOAD build/py/nlrxtensa.o
LOAD build/py/nlrsetjmp.o
LOAD build/py/malloc.o
LOAD build/py/gc.o
LOAD build/py/pystack.o
LOAD build/py/qstr.o
LOAD build/py/vstr.o
LOAD build/py/mpprint.o
LOAD build/py/unicode.o
LOAD build/py/mpz.o
LOAD build/py/reader.o
LOAD build/py/lexer.o
LOAD build/py/parse.o
LOAD build/py/scope.o
LOAD build/py/compile.o
LOAD build/py/emitcommon.o
LOAD build/py/emitbc.o
LOAD build/py/asmbase.o
LOAD build/py/asmx64.o
LOAD build/py/emitnx64.o
LOAD build/py/asmx86.o
LOAD build/py/emitnx86.o
LOAD build/py/asmthumb.o
LOAD build/py/emitnthumb.o
LOAD build/py/emitinlinethumb.o
LOAD build/py/asmarm.o
LOAD build/py/emitnarm.o
LOAD build/py/asmxtensa.o
LOAD build/py/emitnxtensa.o
LOAD build/py/emitinlinextensa.o
LOAD build/py/emitnxtensawin.o
LOAD build/py/formatfloat.o
LOAD build/py/parsenumbase.o
LOAD build/py/parsenum.o
LOAD build/py/emitglue.o
LOAD build/py/persistentcode.o
LOAD build/py/runtime.o
LOAD build/py/runtime_utils.o
LOAD build/py/scheduler.o
LOAD build/py/nativeglue.o
LOAD build/py/pairheap.o
LOAD build/py/ringbuf.o
LOAD build/py/stackctrl.o
LOAD build/py/argcheck.o
LOAD build/py/warning.o
LOAD build/py/profile.o
LOAD build/py/map.o
LOAD build/py/obj.o
LOAD build/py/objarray.o
LOAD build/py/objattrtuple.o
LOAD build/py/objbool.o
LOAD build/py/objboundmeth.o
LOAD build/py/objcell.o
LOAD build/py/objclosure.o
LOAD build/py/objcomplex.o
LOAD build/py/objdeque.o
LOAD build/py/objdict.o
LOAD build/py/objenumerate.o
LOAD build/py/objexcept.o
LOAD build/py/objfilter.o
LOAD build/py/objfloat.o
LOAD build/py/objfun.o
LOAD build/py/objgenerator.o
LOAD build/py/objgetitemiter.o
LOAD build/py/objint.o
LOAD build/py/objint_longlong.o
LOAD build/py/objint_mpz.o
LOAD build/py/objlist.o
LOAD build/py/objmap.o
LOAD build/py/objmodule.o
LOAD build/py/objobject.o
LOAD build/py/objpolyiter.o
LOAD build/py/objproperty.o
LOAD build/py/objnone.o
LOAD build/py/objnamedtuple.o
LOAD build/py/objrange.o
LOAD build/py/objreversed.o
LOAD build/py/objset.o
LOAD build/py/objsingleton.o
LOAD build/py/objslice.o
LOAD build/py/objstr.o
LOAD build/py/objstrunicode.o
LOAD build/py/objstringio.o
LOAD build/py/objtuple.o
LOAD build/py/objtype.o
LOAD build/py/objzip.o
LOAD build/py/opmethods.o
LOAD build/py/sequence.o
LOAD build/py/stream.o
LOAD build/py/binary.o
LOAD build/py/builtinimport.o
LOAD build/py/builtinevex.o
LOAD build/py/builtinhelp.o
LOAD build/py/modarray.o
LOAD build/py/modbuiltins.o
LOAD build/py/modcollections.o
LOAD build/py/modgc.o
LOAD build/py/modio.o
LOAD build/py/modmath.o
LOAD build/py/modcmath.o
LOAD build/py/modmicropython.o
LOAD build/py/modstruct.o
LOAD build/py/modsys.o
LOAD build/py/moduerrno.o
LOAD build/py/modthread.o
LOAD build/py/vm.o
LOAD build/py/bc.o
LOAD build/py/showbc.o
LOAD build/py/repl.o
LOAD build/py/smallint.o
LOAD build/py/frozenmod.o
LOAD build/main.o
LOAD build/gccollect.o
LOAD build/lib/utils/gchelper_generic.o
LOAD /usr/lib/gcc/x86_64-linux-gnu/7/../../../x86_64-linux-gnu/libm.so
START GROUP
LOAD /lib/x86_64-linux-gnu/libm.so.6
LOAD /usr/lib/x86_64-linux-gnu/libmvec_nonshared.a
LOAD /lib/x86_64-linux-gnu/libmvec.so.1
END GROUP
LOAD /usr/lib/gcc/x86_64-linux-gnu/7/libgcc.a
LOAD /usr/lib/gcc/x86_64-linux-gnu/7/libgcc_s.so
START GROUP
LOAD /usr/lib/gcc/x86_64-linux-gnu/7/libgcc_s.so.1
LOAD /usr/lib/gcc/x86_64-linux-gnu/7/libgcc.a
END GROUP
LOAD /usr/lib/gcc/x86_64-linux-gnu/7/../../../x86_64-linux-gnu/libc.so
START GROUP
LOAD /lib/x86_64-linux-gnu/libc.so.6
LOAD /usr/lib/x86_64-linux-gnu/libc_nonshared.a
LOAD /lib/x86_64-linux-gnu/ld-linux-x86-64.so.2
END GROUP
LOAD /usr/lib/gcc/x86_64-linux-gnu/7/libgcc.a
LOAD /usr/lib/gcc/x86_64-linux-gnu/7/libgcc_s.so
START GROUP
LOAD /usr/lib/gcc/x86_64-linux-gnu/7/libgcc_s.so.1
LOAD /usr/lib/gcc/x86_64-linux-gnu/7/libgcc.a
END GROUP
LOAD /usr/lib/gcc/x86_64-linux-gnu/7/crtendS.o
LOAD /usr/lib/gcc/x86_64-linux-gnu/7/../../../x86_64-linux-gnu/crtn.o
                [!provide]                        PROVIDE (__executable_start = SEGMENT_START ("text-segment", 0x0))
                0x0000000000000238                . = (SEGMENT_START ("text-segment", 0x0) + SIZEOF_HEADERS)

.interp         0x0000000000000238       0x1c
 *(.interp)
 .interp        0x0000000000000238       0x1c /usr/lib/gcc/x86_64-linux-gnu/7/../../../x86_64-linux-gnu/Scrt1.o

.note.ABI-tag   0x0000000000000254       0x20
 .note.ABI-tag  0x0000000000000254       0x20 /usr/lib/gcc/x86_64-linux-gnu/7/../../../x86_64-linux-gnu/Scrt1.o

.note.gnu.build-id
                0x0000000000000274       0x24
 *(.note.gnu.build-id)
 .note.gnu.build-id
                0x0000000000000274       0x24 /usr/lib/gcc/x86_64-linux-gnu/7/../../../x86_64-linux-gnu/Scrt1.o

.hash
 *(.hash)

.gnu.hash       0x0000000000000298       0x24
 *(.gnu.hash)
 .gnu.hash      0x0000000000000298       0x24 /usr/lib/gcc/x86_64-linux-gnu/7/../../../x86_64-linux-gnu/Scrt1.o

.dynsym         0x00000000000002c0      0x348
 *(.dynsym)
 .dynsym        0x00000000000002c0      0x348 /usr/lib/gcc/x86_64-linux-gnu/7/../../../x86_64-linux-gnu/Scrt1.o

.dynstr         0x0000000000000608      0x184
 *(.dynstr)
 .dynstr        0x0000000000000608      0x184 /usr/lib/gcc/x86_64-linux-gnu/7/../../../x86_64-linux-gnu/Scrt1.o

.gnu.version    0x000000000000078c       0x46
 *(.gnu.version)
 .gnu.version   0x000000000000078c       0x46 /usr/lib/gcc/x86_64-linux-gnu/7/../../../x86_64-linux-gnu/Scrt1.o

.gnu.version_d  0x00000000000007d8        0x0
 *(.gnu.version_d)
 .gnu.version_d
                0x00000000000007d8        0x0 /usr/lib/gcc/x86_64-linux-gnu/7/../../../x86_64-linux-gnu/Scrt1.o

.gnu.version_r  0x00000000000007d8       0x70
 *(.gnu.version_r)
 .gnu.version_r
                0x00000000000007d8       0x70 /usr/lib/gcc/x86_64-linux-gnu/7/../../../x86_64-linux-gnu/Scrt1.o

.rela.dyn       0x0000000000000848     0x7c50
 *(.rela.init)
 *(.rela.text .rela.text.* .rela.gnu.linkonce.t.*)
 .rela.text.nlr_push_tail
                0x0000000000000848        0x0 /usr/lib/gcc/x86_64-linux-gnu/7/../../../x86_64-linux-gnu/Scrt1.o
 .rela.text.nlr_pop
                0x0000000000000848        0x0 /usr/lib/gcc/x86_64-linux-gnu/7/../../../x86_64-linux-gnu/Scrt1.o
 .rela.text.nlr_jump
                0x0000000000000848        0x0 /usr/lib/gcc/x86_64-linux-gnu/7/../../../x86_64-linux-gnu/Scrt1.o
 .rela.text.gc_mark_subtree
                0x0000000000000848        0x0 /usr/lib/gcc/x86_64-linux-gnu/7/../../../x86_64-linux-gnu/Scrt1.o
 .rela.text.gc_free.part.0
                0x0000000000000848        0x0 /usr/lib/gcc/x86_64-linux-gnu/7/../../../x86_64-linux-gnu/Scrt1.o
 .rela.text.gc_init
                0x0000000000000848        0x0 /usr/lib/gcc/x86_64-linux-gnu/7/../../../x86_64-linux-gnu/Scrt1.o
 .rela.text.gc_is_locked
                0x0000000000000848        0x0 /usr/lib/gcc/x86_64-linux-gnu/7/../../../x86_64-linux-gnu/Scrt1.o
 .rela.text.gc_collect_start
                0x0000000000000848        0x0 /usr/lib/gcc/x86_64-linux-gnu/7/../../../x86_64-linux-gnu/Scrt1.o
 .rela.text.gc_collect_root
                0x0000000000000848        0x0 /usr/lib/gcc/x86_64-linux-gnu/7/../../../x86_64-linux-gnu/Scrt1.o
 .rela.text.gc_collect_end
                0x0000000000000848        0x0 /usr/lib/gcc/x86_64-linux-gnu/7/../../../x86_64-linux-gnu/Scrt1.o
 .rela.text.gc_alloc
                0x0000000000000848        0x0 /usr/lib/gcc/x86_64-linux-gnu/7/../../../x86_64-linux-gnu/Scrt1.o
 .rela.text.gc_free
                0x0000000000000848        0x0 /usr/lib/gcc/x86_64-linux-gnu/7/../../../x86_64-linux-gnu/Scrt1.o
 .rela.text.gc_realloc
                0x0000000000000848        0x0 /usr/lib/gcc/x86_64-linux-gnu/7/../../../x86_64-linux-gnu/Scrt1.o
 .rela.text.find_qstr
                0x0000000000000848        0x0 /usr/lib/gcc/x86_64-linux-gnu/7/../../../x86_64-linux-gnu/Scrt1.o
 .rela.text.qstr_init
                0x0000000000000848        0x0 /usr/lib/gcc/x86_64-linux-gnu/7/../../../x86_64-linux-gnu/Scrt1.o
 .rela.text.qstr_find_strn
                0x0000000000000848        0x0 /usr/lib/gcc/x86_64-linux-gnu/7/../../../x86_64-linux-gnu/Scrt1.o
 .rela.text.qstr_from_strn
                0x0000000000000848        0x0 /usr/lib/gcc/x86_64-linux-gnu/7/../../../x86_64-linux-gnu/Scrt1.o
 .rela.text.mp_lexer_to_next
                0x0000000000000848        0x0 /usr/lib/gcc/x86_64-linux-gnu/7/../../../x86_64-linux-gnu/Scrt1.o
 .rela.text.compile_assert_stmt
                0x0000000000000848        0x0 /usr/lib/gcc/x86_64-linux-gnu/7/../../../x86_64-linux-gnu/Scrt1.o
 .rela.text.mp_compile_to_raw_code
                0x0000000000000848        0x0 /usr/lib/gcc/x86_64-linux-gnu/7/../../../x86_64-linux-gnu/Scrt1.o
 .rela.text.mp_emit_bc_set_source_line
                0x0000000000000848        0x0 /usr/lib/gcc/x86_64-linux-gnu/7/../../../x86_64-linux-gnu/Scrt1.o
 .rela.text.mp_init
                0x0000000000000848        0x0 /usr/lib/gcc/x86_64-linux-gnu/7/../../../x86_64-linux-gnu/Scrt1.o
 .rela.text.mp_stack_ctrl_init
                0x0000000000000848        0x0 /usr/lib/gcc/x86_64-linux-gnu/7/../../../x86_64-linux-gnu/Scrt1.o
 .rela.text.mp_stack_set_limit
                0x0000000000000848        0x0 /usr/lib/gcc/x86_64-linux-gnu/7/../../../x86_64-linux-gnu/Scrt1.o
 .rela.text.mp_stack_check
                0x0000000000000848        0x0 /usr/lib/gcc/x86_64-linux-gnu/7/../../../x86_64-linux-gnu/Scrt1.o
 .rela.text.mp_obj_exception_make_new
                0x0000000000000848        0x0 /usr/lib/gcc/x86_64-linux-gnu/7/../../../x86_64-linux-gnu/Scrt1.o
 .rela.text.main_
                0x0000000000000848        0x0 /usr/lib/gcc/x86_64-linux-gnu/7/../../../x86_64-linux-gnu/Scrt1.o
 .rela.text.nlr_jump_fail
                0x0000000000000848        0x0 /usr/lib/gcc/x86_64-linux-gnu/7/../../../x86_64-linux-gnu/Scrt1.o
 .rela.text.gc_helper_collect_regs_and_stack
                0x0000000000000848        0x0 /usr/lib/gcc/x86_64-linux-gnu/7/../../../x86_64-linux-gnu/Scrt1.o
 .rela.text     0x0000000000000848        0x0 /usr/lib/gcc/x86_64-linux-gnu/7/../../../x86_64-linux-gnu/Scrt1.o
 *(.rela.fini)
 *(.rela.rodata .rela.rodata.* .rela.gnu.linkonce.r.*)
 *(.rela.data .rela.data.* .rela.gnu.linkonce.d.*)
 .rela.data.rel.ro
                0x0000000000000848        0x0 /usr/lib/gcc/x86_64-linux-gnu/7/../../../x86_64-linux-gnu/Scrt1.o
 .rela.data.rel.local
                0x0000000000000848       0x18 /usr/lib/gcc/x86_64-linux-gnu/7/../../../x86_64-linux-gnu/Scrt1.o
 .rela.data.rel.ro.local.mp_qstr_const_pool
                0x0000000000000860     0x1fe0 /usr/lib/gcc/x86_64-linux-gnu/7/../../../x86_64-linux-gnu/Scrt1.o
 .rela.data.rel.ro.local.tok_kw
                0x0000000000002840      0x360 /usr/lib/gcc/x86_64-linux-gnu/7/../../../x86_64-linux-gnu/Scrt1.o
 .rela.data.rel.ro.local.mp_constants_map
                0x0000000000002ba0       0x18 /usr/lib/gcc/x86_64-linux-gnu/7/../../../x86_64-linux-gnu/Scrt1.o
 .rela.data.rel.ro.local.compile_function
                0x0000000000002bb8      0x588 /usr/lib/gcc/x86_64-linux-gnu/7/../../../x86_64-linux-gnu/Scrt1.o
 .rela.data.rel.ro.emit_asm_table
                0x0000000000003140       0xa8 /usr/lib/gcc/x86_64-linux-gnu/7/../../../x86_64-linux-gnu/Scrt1.o
 .rela.data.rel.ro.emit_native_table
                0x00000000000031e8       0xf0 /usr/lib/gcc/x86_64-linux-gnu/7/../../../x86_64-linux-gnu/Scrt1.o
 .rela.data.rel.ro.local.emit_bc_method_table
                0x00000000000032d8      0x510 /usr/lib/gcc/x86_64-linux-gnu/7/../../../x86_64-linux-gnu/Scrt1.o
 .rela.data.rel.ro.local.emit_native_x64_method_table
                0x00000000000037e8      0x540 /usr/lib/gcc/x86_64-linux-gnu/7/../../../x86_64-linux-gnu/Scrt1.o
 .rela.data.rel.ro.local.emit_native_x86_method_table
                0x0000000000003d28      0x540 /usr/lib/gcc/x86_64-linux-gnu/7/../../../x86_64-linux-gnu/Scrt1.o
 .rela.data.rel.ro.local.emit_native_thumb_method_table
                0x0000000000004268      0x540 /usr/lib/gcc/x86_64-linux-gnu/7/../../../x86_64-linux-gnu/Scrt1.o
 .rela.data.rel.ro.local.emit_inline_thumb_method_table
                0x00000000000047a8       0xa8 /usr/lib/gcc/x86_64-linux-gnu/7/../../../x86_64-linux-gnu/Scrt1.o
 .rela.data.rel.ro.local.emit_native_arm_method_table
                0x0000000000004850      0x540 /usr/lib/gcc/x86_64-linux-gnu/7/../../../x86_64-linux-gnu/Scrt1.o
 .rela.data.rel.ro.local.emit_native_xtensa_method_table
                0x0000000000004d90      0x540 /usr/lib/gcc/x86_64-linux-gnu/7/../../../x86_64-linux-gnu/Scrt1.o
 .rela.data.rel.ro.local.emit_inline_xtensa_method_table
                0x00000000000052d0       0xa8 /usr/lib/gcc/x86_64-linux-gnu/7/../../../x86_64-linux-gnu/Scrt1.o
 .rela.data.rel.ro.local.emit_native_xtensawin_method_table
                0x0000000000005378      0x540 /usr/lib/gcc/x86_64-linux-gnu/7/../../../x86_64-linux-gnu/Scrt1.o
 .rela.data.rel.ro.mp_type_checked_fun
                0x00000000000058b8       0x30 /usr/lib/gcc/x86_64-linux-gnu/7/../../../x86_64-linux-gnu/Scrt1.o
 .rela.data.rel.ro.types.4564
                0x00000000000058e8      0x120 /usr/lib/gcc/x86_64-linux-gnu/7/../../../x86_64-linux-gnu/Scrt1.o
 .rela.data.rel.ro.mp_type_bool
                0x0000000000005a08       0x78 /usr/lib/gcc/x86_64-linux-gnu/7/../../../x86_64-linux-gnu/Scrt1.o
 .rela.data.rel.ro.mp_type_complex
                0x0000000000005a80       0x90 /usr/lib/gcc/x86_64-linux-gnu/7/../../../x86_64-linux-gnu/Scrt1.o
 .rela.data.rel.ro.mp_type_dict
                0x0000000000005b10       0xc0 /usr/lib/gcc/x86_64-linux-gnu/7/../../../x86_64-linux-gnu/Scrt1.o
 .rela.data.rel.ro.local.dict_locals_dict
                0x0000000000005bd0       0x30 /usr/lib/gcc/x86_64-linux-gnu/7/../../../x86_64-linux-gnu/Scrt1.o
 .rela.data.rel.ro.dict_locals_dict_table
                0x0000000000005c00      0x150 /usr/lib/gcc/x86_64-linux-gnu/7/../../../x86_64-linux-gnu/Scrt1.o
 .rela.data.rel.ro.dict_values_obj
                0x0000000000005d50       0x30 /usr/lib/gcc/x86_64-linux-gnu/7/../../../x86_64-linux-gnu/Scrt1.o
 .rela.data.rel.ro.dict_keys_obj
                0x0000000000005d80       0x30 /usr/lib/gcc/x86_64-linux-gnu/7/../../../x86_64-linux-gnu/Scrt1.o
 .rela.data.rel.ro.dict_items_obj
                0x0000000000005db0       0x30 /usr/lib/gcc/x86_64-linux-gnu/7/../../../x86_64-linux-gnu/Scrt1.o
 .rela.data.rel.ro.local.mp_dict_view_names
                0x0000000000005de0       0x48 /usr/lib/gcc/x86_64-linux-gnu/7/../../../x86_64-linux-gnu/Scrt1.o
 .rela.data.rel.ro.mp_type_dict_view_it
                0x0000000000005e28       0x48 /usr/lib/gcc/x86_64-linux-gnu/7/../../../x86_64-linux-gnu/Scrt1.o
 .rela.data.rel.ro.mp_type_dict_view
                0x0000000000005e70       0x60 /usr/lib/gcc/x86_64-linux-gnu/7/../../../x86_64-linux-gnu/Scrt1.o
 .rela.data.rel.ro.dict_update_obj
                0x0000000000005ed0       0x30 /usr/lib/gcc/x86_64-linux-gnu/7/../../../x86_64-linux-gnu/Scrt1.o
 .rela.data.rel.ro.dict_popitem_obj
                0x0000000000005f00       0x30 /usr/lib/gcc/x86_64-linux-gnu/7/../../../x86_64-linux-gnu/Scrt1.o
 .rela.data.rel.ro.dict_setdefault_obj
                0x0000000000005f30       0x30 /usr/lib/gcc/x86_64-linux-gnu/7/../../../x86_64-linux-gnu/Scrt1.o
 .rela.data.rel.ro.dict_pop_obj
                0x0000000000005f60       0x30 /usr/lib/gcc/x86_64-linux-gnu/7/../../../x86_64-linux-gnu/Scrt1.o
 .rela.data.rel.ro.dict_get_obj
                0x0000000000005f90       0x30 /usr/lib/gcc/x86_64-linux-gnu/7/../../../x86_64-linux-gnu/Scrt1.o
 .rela.data.rel.ro.dict_fromkeys_obj
                0x0000000000005fc0       0x30 /usr/lib/gcc/x86_64-linux-gnu/7/../../../x86_64-linux-gnu/Scrt1.o
 .rela.data.rel.ro.dict_fromkeys_fun_obj
                0x0000000000005ff0       0x30 /usr/lib/gcc/x86_64-linux-gnu/7/../../../x86_64-linux-gnu/Scrt1.o
 .rela.data.rel.ro.dict_copy_obj
                0x0000000000006020       0x30 /usr/lib/gcc/x86_64-linux-gnu/7/../../../x86_64-linux-gnu/Scrt1.o
 .rela.data.rel.ro.dict_clear_obj
                0x0000000000006050       0x30 /usr/lib/gcc/x86_64-linux-gnu/7/../../../x86_64-linux-gnu/Scrt1.o
 .rela.data.rel.ro.local.mp_const_empty_dict_obj
                0x0000000000006080       0x18 /usr/lib/gcc/x86_64-linux-gnu/7/../../../x86_64-linux-gnu/Scrt1.o
 .rela.data.rel.ro.mp_type_UnicodeError
                0x0000000000006098       0x78 /usr/lib/gcc/x86_64-linux-gnu/7/../../../x86_64-linux-gnu/Scrt1.o
 .rela.data.rel.ro.mp_type_ValueError
                0x0000000000006110       0x78 /usr/lib/gcc/x86_64-linux-gnu/7/../../../x86_64-linux-gnu/Scrt1.o
 .rela.data.rel.ro.mp_type_ViperTypeError
                0x0000000000006188       0x78 /usr/lib/gcc/x86_64-linux-gnu/7/../../../x86_64-linux-gnu/Scrt1.o
 .rela.data.rel.ro.mp_type_TypeError
                0x0000000000006200       0x78 /usr/lib/gcc/x86_64-linux-gnu/7/../../../x86_64-linux-gnu/Scrt1.o
 .rela.data.rel.ro.mp_type_IndentationError
                0x0000000000006278       0x78 /usr/lib/gcc/x86_64-linux-gnu/7/../../../x86_64-linux-gnu/Scrt1.o
 .rela.data.rel.ro.mp_type_SyntaxError
                0x00000000000062f0       0x78 /usr/lib/gcc/x86_64-linux-gnu/7/../../../x86_64-linux-gnu/Scrt1.o
 .rela.data.rel.ro.mp_type_NotImplementedError
                0x0000000000006368       0x78 /usr/lib/gcc/x86_64-linux-gnu/7/../../../x86_64-linux-gnu/Scrt1.o
 .rela.data.rel.ro.mp_type_RuntimeError
                0x00000000000063e0       0x78 /usr/lib/gcc/x86_64-linux-gnu/7/../../../x86_64-linux-gnu/Scrt1.o
 .rela.data.rel.ro.mp_type_OSError
                0x0000000000006458       0x78 /usr/lib/gcc/x86_64-linux-gnu/7/../../../x86_64-linux-gnu/Scrt1.o
 .rela.data.rel.ro.mp_type_MemoryError
                0x00000000000064d0       0x78 /usr/lib/gcc/x86_64-linux-gnu/7/../../../x86_64-linux-gnu/Scrt1.o
 .rela.data.rel.ro.mp_type_KeyError
                0x0000000000006548       0x78 /usr/lib/gcc/x86_64-linux-gnu/7/../../../x86_64-linux-gnu/Scrt1.o
 .rela.data.rel.ro.mp_type_IndexError
                0x00000000000065c0       0x78 /usr/lib/gcc/x86_64-linux-gnu/7/../../../x86_64-linux-gnu/Scrt1.o
 .rela.data.rel.ro.mp_type_LookupError
                0x0000000000006638       0x78 /usr/lib/gcc/x86_64-linux-gnu/7/../../../x86_64-linux-gnu/Scrt1.o
 .rela.data.rel.ro.mp_type_AttributeError
                0x00000000000066b0       0x78 /usr/lib/gcc/x86_64-linux-gnu/7/../../../x86_64-linux-gnu/Scrt1.o
 .rela.data.rel.ro.mp_type_ZeroDivisionError
                0x0000000000006728       0x78 /usr/lib/gcc/x86_64-linux-gnu/7/../../../x86_64-linux-gnu/Scrt1.o
 .rela.data.rel.ro.mp_type_OverflowError
                0x00000000000067a0       0x78 /usr/lib/gcc/x86_64-linux-gnu/7/../../../x86_64-linux-gnu/Scrt1.o
 .rela.data.rel.ro.mp_type_ArithmeticError
                0x0000000000006818       0x78 /usr/lib/gcc/x86_64-linux-gnu/7/../../../x86_64-linux-gnu/Scrt1.o
 .rela.data.rel.ro.mp_type_StopIteration
                0x0000000000006890       0x78 /usr/lib/gcc/x86_64-linux-gnu/7/../../../x86_64-linux-gnu/Scrt1.o
 .rela.data.rel.ro.mp_type_Exception
                0x0000000000006908       0x78 /usr/lib/gcc/x86_64-linux-gnu/7/../../../x86_64-linux-gnu/Scrt1.o
 .rela.data.rel.ro.mp_type_BaseException
                0x0000000000006980       0x60 /usr/lib/gcc/x86_64-linux-gnu/7/../../../x86_64-linux-gnu/Scrt1.o
 .rela.data.rel.ro.mp_type_float
                0x00000000000069e0       0x78 /usr/lib/gcc/x86_64-linux-gnu/7/../../../x86_64-linux-gnu/Scrt1.o
 .rela.data.rel.ro.mp_type_fun_builtin_var
                0x0000000000006a58       0x48 /usr/lib/gcc/x86_64-linux-gnu/7/../../../x86_64-linux-gnu/Scrt1.o
 .rela.data.rel.ro.mp_type_fun_builtin_3
                0x0000000000006aa0       0x48 /usr/lib/gcc/x86_64-linux-gnu/7/../../../x86_64-linux-gnu/Scrt1.o
 .rela.data.rel.ro.mp_type_fun_builtin_2
                0x0000000000006ae8       0x48 /usr/lib/gcc/x86_64-linux-gnu/7/../../../x86_64-linux-gnu/Scrt1.o
 .rela.data.rel.ro.mp_type_fun_builtin_1
                0x0000000000006b30       0x48 /usr/lib/gcc/x86_64-linux-gnu/7/../../../x86_64-linux-gnu/Scrt1.o
 .rela.data.rel.ro.mp_type_it
                0x0000000000006b78       0x48 /usr/lib/gcc/x86_64-linux-gnu/7/../../../x86_64-linux-gnu/Scrt1.o
 .rela.data.rel.ro.mp_type_int
                0x0000000000006bc0       0x90 /usr/lib/gcc/x86_64-linux-gnu/7/../../../x86_64-linux-gnu/Scrt1.o
 .rela.data.rel.ro.int_locals_dict
                0x0000000000006c50       0x30 /usr/lib/gcc/x86_64-linux-gnu/7/../../../x86_64-linux-gnu/Scrt1.o
 .rela.data.rel.ro.local.int_locals_dict_table
                0x0000000000006c80       0x30 /usr/lib/gcc/x86_64-linux-gnu/7/../../../x86_64-linux-gnu/Scrt1.o
 .rela.data.rel.ro.int_to_bytes_obj
                0x0000000000006cb0       0x30 /usr/lib/gcc/x86_64-linux-gnu/7/../../../x86_64-linux-gnu/Scrt1.o
 .rela.data.rel.ro.int_from_bytes_obj
                0x0000000000006ce0       0x30 /usr/lib/gcc/x86_64-linux-gnu/7/../../../x86_64-linux-gnu/Scrt1.o
 .rela.data.rel.ro.int_from_bytes_fun_obj
                0x0000000000006d10       0x30 /usr/lib/gcc/x86_64-linux-gnu/7/../../../x86_64-linux-gnu/Scrt1.o
 .rela.data.rel.ro.mp_type_list
                0x0000000000006d40       0xc0 /usr/lib/gcc/x86_64-linux-gnu/7/../../../x86_64-linux-gnu/Scrt1.o
 .rela.data.rel.ro.list_locals_dict
                0x0000000000006e00       0x30 /usr/lib/gcc/x86_64-linux-gnu/7/../../../x86_64-linux-gnu/Scrt1.o
 .rela.data.rel.ro.local.list_locals_dict_table
                0x0000000000006e30      0x108 /usr/lib/gcc/x86_64-linux-gnu/7/../../../x86_64-linux-gnu/Scrt1.o
 .rela.data.rel.ro.list_sort_obj
                0x0000000000006f38       0x30 /usr/lib/gcc/x86_64-linux-gnu/7/../../../x86_64-linux-gnu/Scrt1.o
 .rela.data.rel.ro.list_reverse_obj
                0x0000000000006f68       0x30 /usr/lib/gcc/x86_64-linux-gnu/7/../../../x86_64-linux-gnu/Scrt1.o
 .rela.data.rel.ro.list_remove_obj
                0x0000000000006f98       0x30 /usr/lib/gcc/x86_64-linux-gnu/7/../../../x86_64-linux-gnu/Scrt1.o
 .rela.data.rel.ro.list_pop_obj
                0x0000000000006fc8       0x30 /usr/lib/gcc/x86_64-linux-gnu/7/../../../x86_64-linux-gnu/Scrt1.o
 .rela.data.rel.ro.list_insert_obj
                0x0000000000006ff8       0x30 /usr/lib/gcc/x86_64-linux-gnu/7/../../../x86_64-linux-gnu/Scrt1.o
 .rela.data.rel.ro.list_index_obj
                0x0000000000007028       0x30 /usr/lib/gcc/x86_64-linux-gnu/7/../../../x86_64-linux-gnu/Scrt1.o
 .rela.data.rel.ro.list_count_obj
                0x0000000000007058       0x30 /usr/lib/gcc/x86_64-linux-gnu/7/../../../x86_64-linux-gnu/Scrt1.o
 .rela.data.rel.ro.list_copy_obj
                0x0000000000007088       0x30 /usr/lib/gcc/x86_64-linux-gnu/7/../../../x86_64-linux-gnu/Scrt1.o
 .rela.data.rel.ro.list_clear_obj
                0x00000000000070b8       0x30 /usr/lib/gcc/x86_64-linux-gnu/7/../../../x86_64-linux-gnu/Scrt1.o
 .rela.data.rel.ro.list_extend_obj
                0x00000000000070e8       0x30 /usr/lib/gcc/x86_64-linux-gnu/7/../../../x86_64-linux-gnu/Scrt1.o
 .rela.data.rel.ro.list_append_obj
                0x0000000000007118       0x30 /usr/lib/gcc/x86_64-linux-gnu/7/../../../x86_64-linux-gnu/Scrt1.o
 .rela.data.rel.ro.mp_type_object
                0x0000000000007148       0x48 /usr/lib/gcc/x86_64-linux-gnu/7/../../../x86_64-linux-gnu/Scrt1.o
 .rela.data.rel.ro.object_locals_dict
                0x0000000000007190       0x30 /usr/lib/gcc/x86_64-linux-gnu/7/../../../x86_64-linux-gnu/Scrt1.o
 .rela.data.rel.ro.local.object_locals_dict_table
                0x00000000000071c0       0x30 /usr/lib/gcc/x86_64-linux-gnu/7/../../../x86_64-linux-gnu/Scrt1.o
 .rela.data.rel.ro.object___new___obj
                0x00000000000071f0       0x30 /usr/lib/gcc/x86_64-linux-gnu/7/../../../x86_64-linux-gnu/Scrt1.o
 .rela.data.rel.ro.object___new___fun_obj
                0x0000000000007220       0x30 /usr/lib/gcc/x86_64-linux-gnu/7/../../../x86_64-linux-gnu/Scrt1.o
 .rela.data.rel.ro.object___init___obj
                0x0000000000007250       0x30 /usr/lib/gcc/x86_64-linux-gnu/7/../../../x86_64-linux-gnu/Scrt1.o
 .rela.data.rel.ro.mp_type_polymorph_iter
                0x0000000000007280       0x48 /usr/lib/gcc/x86_64-linux-gnu/7/../../../x86_64-linux-gnu/Scrt1.o
 .rela.data.rel.ro.mp_type_property
                0x00000000000072c8       0x48 /usr/lib/gcc/x86_64-linux-gnu/7/../../../x86_64-linux-gnu/Scrt1.o
 .rela.data.rel.ro.property_locals_dict
                0x0000000000007310       0x30 /usr/lib/gcc/x86_64-linux-gnu/7/../../../x86_64-linux-gnu/Scrt1.o
 .rela.data.rel.ro.local.property_locals_dict_table
                0x0000000000007340       0x48 /usr/lib/gcc/x86_64-linux-gnu/7/../../../x86_64-linux-gnu/Scrt1.o
 .rela.data.rel.ro.property_deleter_obj
                0x0000000000007388       0x30 /usr/lib/gcc/x86_64-linux-gnu/7/../../../x86_64-linux-gnu/Scrt1.o
 .rela.data.rel.ro.property_setter_obj
                0x00000000000073b8       0x30 /usr/lib/gcc/x86_64-linux-gnu/7/../../../x86_64-linux-gnu/Scrt1.o
 .rela.data.rel.ro.property_getter_obj
                0x00000000000073e8       0x30 /usr/lib/gcc/x86_64-linux-gnu/7/../../../x86_64-linux-gnu/Scrt1.o
 .rela.data.rel.ro.mp_type_NoneType
                0x0000000000007418       0x48 /usr/lib/gcc/x86_64-linux-gnu/7/../../../x86_64-linux-gnu/Scrt1.o
 .rela.data.rel.ro.local.mp_const_ellipsis_obj
                0x0000000000007460       0x18 /usr/lib/gcc/x86_64-linux-gnu/7/../../../x86_64-linux-gnu/Scrt1.o
 .rela.data.rel.ro.mp_type_singleton
                0x0000000000007478       0x48 /usr/lib/gcc/x86_64-linux-gnu/7/../../../x86_64-linux-gnu/Scrt1.o
 .rela.data.rel.ro.mp_type_slice
                0x00000000000074c0       0x30 /usr/lib/gcc/x86_64-linux-gnu/7/../../../x86_64-linux-gnu/Scrt1.o
 .rela.data.rel.ro.local.mp_const_empty_bytes_obj
                0x00000000000074f0       0x30 /usr/lib/gcc/x86_64-linux-gnu/7/../../../x86_64-linux-gnu/Scrt1.o
 .rela.data.rel.ro.mp_type_bytes
                0x0000000000007520       0xc0 /usr/lib/gcc/x86_64-linux-gnu/7/../../../x86_64-linux-gnu/Scrt1.o
 .rela.data.rel.ro.str8_locals_dict
                0x00000000000075e0       0x30 /usr/lib/gcc/x86_64-linux-gnu/7/../../../x86_64-linux-gnu/Scrt1.o
 .rela.data.rel.ro.local.str8_locals_dict_table
                0x0000000000007610      0x228 /usr/lib/gcc/x86_64-linux-gnu/7/../../../x86_64-linux-gnu/Scrt1.o
 .rela.data.rel.ro.str_encode_obj
                0x0000000000007838       0x30 /usr/lib/gcc/x86_64-linux-gnu/7/../../../x86_64-linux-gnu/Scrt1.o
 .rela.data.rel.ro.bytes_decode_obj
                0x0000000000007868       0x30 /usr/lib/gcc/x86_64-linux-gnu/7/../../../x86_64-linux-gnu/Scrt1.o
 .rela.data.rel.ro.str_islower_obj
                0x0000000000007898       0x30 /usr/lib/gcc/x86_64-linux-gnu/7/../../../x86_64-linux-gnu/Scrt1.o
 .rela.data.rel.ro.str_isupper_obj
                0x00000000000078c8       0x30 /usr/lib/gcc/x86_64-linux-gnu/7/../../../x86_64-linux-gnu/Scrt1.o
 .rela.data.rel.ro.str_isdigit_obj
                0x00000000000078f8       0x30 /usr/lib/gcc/x86_64-linux-gnu/7/../../../x86_64-linux-gnu/Scrt1.o
 .rela.data.rel.ro.str_isalpha_obj
                0x0000000000007928       0x30 /usr/lib/gcc/x86_64-linux-gnu/7/../../../x86_64-linux-gnu/Scrt1.o
 .rela.data.rel.ro.str_isspace_obj
                0x0000000000007958       0x30 /usr/lib/gcc/x86_64-linux-gnu/7/../../../x86_64-linux-gnu/Scrt1.o
 .rela.data.rel.ro.str_upper_obj
                0x0000000000007988       0x30 /usr/lib/gcc/x86_64-linux-gnu/7/../../../x86_64-linux-gnu/Scrt1.o
 .rela.data.rel.ro.str_lower_obj
                0x00000000000079b8       0x30 /usr/lib/gcc/x86_64-linux-gnu/7/../../../x86_64-linux-gnu/Scrt1.o
 .rela.data.rel.ro.str_count_obj
                0x00000000000079e8       0x30 /usr/lib/gcc/x86_64-linux-gnu/7/../../../x86_64-linux-gnu/Scrt1.o
 .rela.data.rel.ro.str_replace_obj
                0x0000000000007a18       0x30 /usr/lib/gcc/x86_64-linux-gnu/7/../../../x86_64-linux-gnu/Scrt1.o
 .rela.data.rel.ro.str_format_obj
                0x0000000000007a48       0x30 /usr/lib/gcc/x86_64-linux-gnu/7/../../../x86_64-linux-gnu/Scrt1.o
 .rela.data.rel.ro.str_rstrip_obj
                0x0000000000007a78       0x30 /usr/lib/gcc/x86_64-linux-gnu/7/../../../x86_64-linux-gnu/Scrt1.o
 .rela.data.rel.ro.str_lstrip_obj
                0x0000000000007aa8       0x30 /usr/lib/gcc/x86_64-linux-gnu/7/../../../x86_64-linux-gnu/Scrt1.o
 .rela.data.rel.ro.str_strip_obj
                0x0000000000007ad8       0x30 /usr/lib/gcc/x86_64-linux-gnu/7/../../../x86_64-linux-gnu/Scrt1.o
 .rela.data.rel.ro.str_endswith_obj
                0x0000000000007b08       0x30 /usr/lib/gcc/x86_64-linux-gnu/7/../../../x86_64-linux-gnu/Scrt1.o
 .rela.data.rel.ro.str_startswith_obj
                0x0000000000007b38       0x30 /usr/lib/gcc/x86_64-linux-gnu/7/../../../x86_64-linux-gnu/Scrt1.o
 .rela.data.rel.ro.str_rindex_obj
                0x0000000000007b68       0x30 /usr/lib/gcc/x86_64-linux-gnu/7/../../../x86_64-linux-gnu/Scrt1.o
 .rela.data.rel.ro.str_index_obj
                0x0000000000007b98       0x30 /usr/lib/gcc/x86_64-linux-gnu/7/../../../x86_64-linux-gnu/Scrt1.o
 .rela.data.rel.ro.str_rfind_obj
                0x0000000000007bc8       0x30 /usr/lib/gcc/x86_64-linux-gnu/7/../../../x86_64-linux-gnu/Scrt1.o
 .rela.data.rel.ro.str_find_obj
                0x0000000000007bf8       0x30 /usr/lib/gcc/x86_64-linux-gnu/7/../../../x86_64-linux-gnu/Scrt1.o
 .rela.data.rel.ro.str_rsplit_obj
                0x0000000000007c28       0x30 /usr/lib/gcc/x86_64-linux-gnu/7/../../../x86_64-linux-gnu/Scrt1.o
 .rela.data.rel.ro.str_split_obj
                0x0000000000007c58       0x30 /usr/lib/gcc/x86_64-linux-gnu/7/../../../x86_64-linux-gnu/Scrt1.o
 .rela.data.rel.ro.str_join_obj
                0x0000000000007c88       0x30 /usr/lib/gcc/x86_64-linux-gnu/7/../../../x86_64-linux-gnu/Scrt1.o
 .rela.data.rel.ro.mp_type_str
                0x0000000000007cb8       0xd8 /usr/lib/gcc/x86_64-linux-gnu/7/../../../x86_64-linux-gnu/Scrt1.o
 .rela.data.rel.ro.struni_locals_dict
                0x0000000000007d90       0x30 /usr/lib/gcc/x86_64-linux-gnu/7/../../../x86_64-linux-gnu/Scrt1.o
 .rela.data.rel.ro.struni_locals_dict_table
                0x0000000000007dc0      0x228 /usr/lib/gcc/x86_64-linux-gnu/7/../../../x86_64-linux-gnu/Scrt1.o
 .rela.data.rel.ro.local.mp_const_empty_tuple_obj
                0x0000000000007fe8       0x18 /usr/lib/gcc/x86_64-linux-gnu/7/../../../x86_64-linux-gnu/Scrt1.o
 .rela.data.rel.ro.mp_type_tuple
                0x0000000000008000       0xc0 /usr/lib/gcc/x86_64-linux-gnu/7/../../../x86_64-linux-gnu/Scrt1.o
 .rela.data.rel.ro.tuple_locals_dict
                0x00000000000080c0       0x30 /usr/lib/gcc/x86_64-linux-gnu/7/../../../x86_64-linux-gnu/Scrt1.o
 .rela.data.rel.ro.local.tuple_locals_dict_table
                0x00000000000080f0       0x30 /usr/lib/gcc/x86_64-linux-gnu/7/../../../x86_64-linux-gnu/Scrt1.o
 .rela.data.rel.ro.tuple_index_obj
                0x0000000000008120       0x30 /usr/lib/gcc/x86_64-linux-gnu/7/../../../x86_64-linux-gnu/Scrt1.o
 .rela.data.rel.ro.tuple_count_obj
                0x0000000000008150       0x30 /usr/lib/gcc/x86_64-linux-gnu/7/../../../x86_64-linux-gnu/Scrt1.o
 .rela.data.rel.ro.local.mp_type_classmethod
                0x0000000000008180       0x30 /usr/lib/gcc/x86_64-linux-gnu/7/../../../x86_64-linux-gnu/Scrt1.o
 .rela.data.rel.ro.local.mp_type_staticmethod
                0x00000000000081b0       0x30 /usr/lib/gcc/x86_64-linux-gnu/7/../../../x86_64-linux-gnu/Scrt1.o
 .rela.data.rel.ro.mp_type_type
                0x00000000000081e0       0x90 /usr/lib/gcc/x86_64-linux-gnu/7/../../../x86_64-linux-gnu/Scrt1.o
 .rela.data.rel.ro.native_base_init_wrapper_obj
                0x0000000000008270       0x30 /usr/lib/gcc/x86_64-linux-gnu/7/../../../x86_64-linux-gnu/Scrt1.o
 .rela.data.rel.ro.mp_op_delitem_obj
                0x00000000000082a0       0x30 /usr/lib/gcc/x86_64-linux-gnu/7/../../../x86_64-linux-gnu/Scrt1.o
 .rela.data.rel.ro.mp_op_setitem_obj
                0x00000000000082d0       0x30 /usr/lib/gcc/x86_64-linux-gnu/7/../../../x86_64-linux-gnu/Scrt1.o
 .rela.data.rel.ro.mp_op_getitem_obj
                0x0000000000008300       0x30 /usr/lib/gcc/x86_64-linux-gnu/7/../../../x86_64-linux-gnu/Scrt1.o
 .rela.data.rel.ro.mp_builtin_next_obj
                0x0000000000008330       0x30 /usr/lib/gcc/x86_64-linux-gnu/7/../../../x86_64-linux-gnu/Scrt1.o
 .rela.data.rel.ro.local.mp_stderr_print
                0x0000000000008360       0x18 /usr/lib/gcc/x86_64-linux-gnu/7/../../../x86_64-linux-gnu/Scrt1.o
 *(.rela.tdata .rela.tdata.* .rela.gnu.linkonce.td.*)
 *(.rela.tbss .rela.tbss.* .rela.gnu.linkonce.tb.*)
 *(.rela.ctors)
 *(.rela.dtors)
 *(.rela.got)
 .rela.got      0x0000000000008378       0xd8 /usr/lib/gcc/x86_64-linux-gnu/7/../../../x86_64-linux-gnu/Scrt1.o
 *(.rela.bss .rela.bss.* .rela.gnu.linkonce.b.*)
 .rela.bss      0x0000000000008450       0x18 /usr/lib/gcc/x86_64-linux-gnu/7/../../../x86_64-linux-gnu/Scrt1.o
 *(.rela.ldata .rela.ldata.* .rela.gnu.linkonce.l.*)
 *(.rela.lbss .rela.lbss.* .rela.gnu.linkonce.lb.*)
 *(.rela.lrodata .rela.lrodata.* .rela.gnu.linkonce.lr.*)
 *(.rela.ifunc)
 .rela.ifunc    0x0000000000008468        0x0 /usr/lib/gcc/x86_64-linux-gnu/7/../../../x86_64-linux-gnu/Scrt1.o
 .rela.fini_array
                0x0000000000008468       0x18 /usr/lib/gcc/x86_64-linux-gnu/7/../../../x86_64-linux-gnu/Scrt1.o
 .rela.init_array
                0x0000000000008480       0x18 /usr/lib/gcc/x86_64-linux-gnu/7/../../../x86_64-linux-gnu/Scrt1.o

.rela.plt       0x0000000000008498      0x2a0
 *(.rela.plt)
 .rela.plt      0x0000000000008498      0x2a0 /usr/lib/gcc/x86_64-linux-gnu/7/../../../x86_64-linux-gnu/Scrt1.o
                [!provide]                        PROVIDE (__rela_iplt_start = .)
 *(.rela.iplt)
                [!provide]                        PROVIDE (__rela_iplt_end = .)

.init           0x0000000000008738       0x17
 *(SORT_NONE(.init))
 .init          0x0000000000008738       0x12 /usr/lib/gcc/x86_64-linux-gnu/7/../../../x86_64-linux-gnu/crti.o
                0x0000000000008738                _init
 .init          0x000000000000874a        0x5 /usr/lib/gcc/x86_64-linux-gnu/7/../../../x86_64-linux-gnu/crtn.o

.plt            0x0000000000008750      0x1d0
 *(.plt)
 .plt           0x0000000000008750      0x1d0 /usr/lib/gcc/x86_64-linux-gnu/7/../../../x86_64-linux-gnu/Scrt1.o
 *(.iplt)

.plt.got        0x0000000000008920        0x8
 *(.plt.got)
 .plt.got       0x0000000000008920        0x8 /usr/lib/gcc/x86_64-linux-gnu/7/../../../x86_64-linux-gnu/Scrt1.o

.plt.sec
 *(.plt.sec)

.text           0x0000000000008930    0x39382
 *(.text.unlikely .text.*_unlikely .text.unlikely.*)
 .text.unlikely.get_label_dest.part.2
                0x0000000000008930       0x23 build/py/asmx64.o
 .text.unlikely.get_label_dest.part.4
                0x0000000000008953       0x23 build/py/asmx86.o
 .text.unlikely.raise_exc
                0x0000000000008976       0x29 build/py/parsenum.o
 .text.unlikely.bad_implicit_conversion
                0x000000000000899f       0x36 build/py/objstr.o
 *(.text.exit .text.exit.*)
 *(.text.startup .text.startup.*)
 .text.startup.main
                0x00000000000089d5       0x22 build/main.o
                0x00000000000089d5                main
 *(.text.hot .text.hot.*)
 *(.text .stub .text.* .gnu.linkonce.t.*)
 *fill*         0x00000000000089f7        0x9 
 .text          0x0000000000008a00       0x2b /usr/lib/gcc/x86_64-linux-gnu/7/../../../x86_64-linux-gnu/Scrt1.o
                0x0000000000008a00                _start
 *fill*         0x0000000000008a2b        0x5 
 .text          0x0000000000008a30       0xda /usr/lib/gcc/x86_64-linux-gnu/7/crtbeginS.o
 .text.nlr_push_tail
                0x0000000000008b0a       0x14 build/py/nlr.o
                0x0000000000008b0a                nlr_push_tail
 .text.nlr_pop  0x0000000000008b1e       0x12 build/py/nlr.o
                0x0000000000008b1e                nlr_pop
 .text.nlr_push
                0x0000000000008b30       0x2c build/py/nlrx64.o
                0x0000000000008b30                nlr_push
 .text.nlr_jump
                0x0000000000008b5c       0x50 build/py/nlrx64.o
                0x0000000000008b5c                nlr_jump
 .text.m_malloc
                0x0000000000008bac       0x1f build/py/malloc.o
                0x0000000000008bac                m_malloc
 .text.m_malloc_maybe
                0x0000000000008bcb        0x7 build/py/malloc.o
                0x0000000000008bcb                m_malloc_maybe
 .text.m_malloc0
                0x0000000000008bd2        0x5 build/py/malloc.o
                0x0000000000008bd2                m_malloc0
 .text.m_realloc
                0x0000000000008bd7       0x22 build/py/malloc.o
                0x0000000000008bd7                m_realloc
 .text.m_realloc_maybe
                0x0000000000008bf9        0x8 build/py/malloc.o
                0x0000000000008bf9                m_realloc_maybe
 .text.m_free   0x0000000000008c01        0x5 build/py/malloc.o
                0x0000000000008c01                m_free
 *fill*         0x0000000000008c06        0xa 
 .text.gc_mark_subtree
                0x0000000000008c10      0x114 build/py/gc.o
 *fill*         0x0000000000008d24        0xc 
 .text.gc_free.part.0
                0x0000000000008d30      0x10f build/py/gc.o
 *fill*         0x0000000000008e3f        0x1 
 .text.gc_init  0x0000000000008e40       0x8d build/py/gc.o
                0x0000000000008e40                gc_init
 *fill*         0x0000000000008ecd        0x3 
 .text.gc_is_locked
                0x0000000000008ed0        0xc build/py/gc.o
                0x0000000000008ed0                gc_is_locked
 *fill*         0x0000000000008edc        0x4 
 .text.gc_collect_start
                0x0000000000008ee0       0xa1 build/py/gc.o
                0x0000000000008ee0                gc_collect_start
 *fill*         0x0000000000008f81        0xf 
 .text.gc_collect_root
                0x0000000000008f90       0x99 build/py/gc.o
                0x0000000000008f90                gc_collect_root
 *fill*         0x0000000000009029        0x7 
 .text.gc_collect_end
                0x0000000000009030      0x151 build/py/gc.o
                0x0000000000009030                gc_collect_end
 *fill*         0x0000000000009181        0xf 
 .text.gc_alloc
                0x0000000000009190      0x20d build/py/gc.o
                0x0000000000009190                gc_alloc
 *fill*         0x000000000000939d        0x3 
 .text.gc_free  0x00000000000093a0       0x1a build/py/gc.o
                0x00000000000093a0                gc_free
 *fill*         0x00000000000093ba        0x6 
 .text.gc_realloc
                0x00000000000093c0      0x300 build/py/gc.o
                0x00000000000093c0                gc_realloc
 .text.find_qstr
                0x00000000000096c0       0x1e build/py/qstr.o
 .text.qstr_compute_hash
                0x00000000000096de       0x29 build/py/qstr.o
                0x00000000000096de                qstr_compute_hash
 .text.qstr_init
                0x0000000000009707       0x1a build/py/qstr.o
                0x0000000000009707                qstr_init
 .text.qstr_find_strn
                0x0000000000009721       0x94 build/py/qstr.o
                0x0000000000009721                qstr_find_strn
 .text.qstr_from_strn
                0x00000000000097b5      0x1c2 build/py/qstr.o
                0x00000000000097b5                qstr_from_strn
 .text.qstr_from_str
                0x0000000000009977       0x1d build/py/qstr.o
                0x0000000000009977                qstr_from_str
 .text.qstr_hash
                0x0000000000009994        0x9 build/py/qstr.o
                0x0000000000009994                qstr_hash
 .text.qstr_len
                0x000000000000999d        0xa build/py/qstr.o
                0x000000000000999d                qstr_len
 .text.qstr_str
                0x00000000000099a7        0xa build/py/qstr.o
                0x00000000000099a7                qstr_str
 .text.qstr_data
                0x00000000000099b1       0x11 build/py/qstr.o
                0x00000000000099b1                qstr_data
 .text.vstr_ensure_extra
                0x00000000000099c2       0x4a build/py/vstr.o
 .text.vstr_add_strn
                0x0000000000009a0c       0x31 build/py/vstr.o
                0x0000000000009a0c                vstr_add_strn
 .text.vstr_init
                0x0000000000009a3d       0x2b build/py/vstr.o
                0x0000000000009a3d                vstr_init
 .text.vstr_init_len
                0x0000000000009a68       0x1d build/py/vstr.o
                0x0000000000009a68                vstr_init_len
 .text.vstr_init_print
                0x0000000000009a85       0x23 build/py/vstr.o
                0x0000000000009a85                vstr_init_print
 .text.vstr_clear
                0x0000000000009aa8       0x1d build/py/vstr.o
                0x0000000000009aa8                vstr_clear
 .text.vstr_extend
                0x0000000000009ac5       0x43 build/py/vstr.o
                0x0000000000009ac5                vstr_extend
 .text.vstr_add_len
                0x0000000000009b08       0x27 build/py/vstr.o
                0x0000000000009b08                vstr_add_len
 .text.vstr_null_terminated_str
                0x0000000000009b2f       0x29 build/py/vstr.o
                0x0000000000009b2f                vstr_null_terminated_str
 .text.vstr_add_byte
                0x0000000000009b58       0x11 build/py/vstr.o
                0x0000000000009b58                vstr_add_byte
 .text.vstr_add_char
                0x0000000000009b69       0xda build/py/vstr.o
                0x0000000000009b69                vstr_add_char
 .text.vstr_add_str
                0x0000000000009c43       0x20 build/py/vstr.o
                0x0000000000009c43                vstr_add_str
 .text.vstr_cut_tail_bytes
                0x0000000000009c63       0x1b build/py/vstr.o
                0x0000000000009c63                vstr_cut_tail_bytes
 .text.mp_print_str
                0x0000000000009c7e       0x2a build/py/mpprint.o
                0x0000000000009c7e                mp_print_str
 .text.mp_print_strn
                0x0000000000009ca8      0x103 build/py/mpprint.o
                0x0000000000009ca8                mp_print_strn
 .text.mp_print_int
                0x0000000000009dab      0x133 build/py/mpprint.o
 .text.mp_print_mp_int
                0x0000000000009ede      0x376 build/py/mpprint.o
                0x0000000000009ede                mp_print_mp_int
 .text.mp_print_float
                0x000000000000a254       0xf7 build/py/mpprint.o
                0x000000000000a254                mp_print_float
 .text.mp_vprintf
                0x000000000000a34b      0x536 build/py/mpprint.o
                0x000000000000a34b                mp_vprintf
 .text.mp_printf
                0x000000000000a881       0xb1 build/py/mpprint.o
                0x000000000000a881                mp_printf
 .text.utf8_get_char
                0x000000000000a932       0x3a build/py/unicode.o
                0x000000000000a932                utf8_get_char
 .text.utf8_next_char
                0x000000000000a96c       0x14 build/py/unicode.o
                0x000000000000a96c                utf8_next_char
 .text.utf8_ptr_to_index
                0x000000000000a980       0x1a build/py/unicode.o
                0x000000000000a980                utf8_ptr_to_index
 .text.utf8_charlen
                0x000000000000a99a       0x1d build/py/unicode.o
                0x000000000000a99a                utf8_charlen
 .text.unichar_isspace
                0x000000000000a9b7       0x1c build/py/unicode.o
                0x000000000000a9b7                unichar_isspace
 .text.unichar_isalpha
                0x000000000000a9d3       0x1d build/py/unicode.o
                0x000000000000a9d3                unichar_isalpha
 .text.unichar_isdigit
                0x000000000000a9f0       0x1d build/py/unicode.o
                0x000000000000a9f0                unichar_isdigit
 .text.unichar_isxdigit
                0x000000000000aa0d       0x1d build/py/unicode.o
                0x000000000000aa0d                unichar_isxdigit
 .text.unichar_isupper
                0x000000000000aa2a       0x1d build/py/unicode.o
                0x000000000000aa2a                unichar_isupper
 .text.unichar_islower
                0x000000000000aa47       0x1d build/py/unicode.o
                0x000000000000aa47                unichar_islower
 .text.unichar_tolower
                0x000000000000aa64       0x11 build/py/unicode.o
                0x000000000000aa64                unichar_tolower
 .text.unichar_toupper
                0x000000000000aa75       0x11 build/py/unicode.o
                0x000000000000aa75                unichar_toupper
 .text.unichar_xdigit_value
                0x000000000000aa86       0x11 build/py/unicode.o
                0x000000000000aa86                unichar_xdigit_value
 .text.utf8_check
                0x000000000000aa97       0x4c build/py/unicode.o
                0x000000000000aa97                utf8_check
 .text.mpn_remove_trailing_zeros
                0x000000000000aae3       0x1a build/py/mpz.o
 .text.mpn_shr  0x000000000000aafd       0x4a build/py/mpz.o
 .text.mpn_add  0x000000000000ab47       0x66 build/py/mpz.o
 .text.mpn_sub  0x000000000000abad       0x57 build/py/mpz.o
 .text.mpn_cmp.part.1
                0x000000000000ac04       0x2e build/py/mpz.o
 .text.mpz_free
                0x000000000000ac32       0x1c build/py/mpz.o
 .text.mpz_need_dig
                0x000000000000ac4e       0x6f build/py/mpz.o
 .text.mpz_clone
                0x000000000000acbd       0x8a build/py/mpz.o
 .text.mpz_set_from_int.part.5
                0x000000000000ad47       0x5c build/py/mpz.o
 .text.mpz_init_zero
                0x000000000000ada3       0x18 build/py/mpz.o
                0x000000000000ada3                mpz_init_zero
 .text.mpz_deinit
                0x000000000000adbb       0x14 build/py/mpz.o
                0x000000000000adbb                mpz_deinit
 .text.mpz_set  0x000000000000adcf       0x46 build/py/mpz.o
                0x000000000000adcf                mpz_set
 .text.mpz_set_from_int
                0x000000000000ae15       0x13 build/py/mpz.o
                0x000000000000ae15                mpz_set_from_int
 .text.mpz_init_from_int
                0x000000000000ae28        0xf build/py/mpz.o
                0x000000000000ae28                mpz_init_from_int
 .text.mpz_init_fixed_from_int
                0x000000000000ae37       0x32 build/py/mpz.o
                0x000000000000ae37                mpz_init_fixed_from_int
 .text.mpz_set_from_ll
                0x000000000000ae69       0x63 build/py/mpz.o
                0x000000000000ae69                mpz_set_from_ll
 .text.mpz_set_from_float
                0x000000000000aecc      0x163 build/py/mpz.o
                0x000000000000aecc                mpz_set_from_float
 .text.mpz_set_from_str
                0x000000000000b02f      0x102 build/py/mpz.o
                0x000000000000b02f                mpz_set_from_str
 .text.mpz_set_from_bytes
                0x000000000000b131       0xa2 build/py/mpz.o
                0x000000000000b131                mpz_set_from_bytes
 .text.mpz_cmp  0x000000000000b1d3       0x4d build/py/mpz.o
                0x000000000000b1d3                mpz_cmp
 .text.mpz_abs_inpl
                0x000000000000b220       0x13 build/py/mpz.o
                0x000000000000b220                mpz_abs_inpl
 .text.mpz_neg_inpl
                0x000000000000b233       0x20 build/py/mpz.o
                0x000000000000b233                mpz_neg_inpl
 .text.mpz_not_inpl
                0x000000000000b253       0xd2 build/py/mpz.o
                0x000000000000b253                mpz_not_inpl
 .text.mpz_shl_inpl
                0x000000000000b325       0xda build/py/mpz.o
                0x000000000000b325                mpz_shl_inpl
 .text.mpz_shr_inpl
                0x000000000000b3ff      0x134 build/py/mpz.o
                0x000000000000b3ff                mpz_shr_inpl
 .text.mpz_add_inpl
                0x000000000000b533       0xa7 build/py/mpz.o
                0x000000000000b533                mpz_add_inpl
 .text.mpz_sub_inpl
                0x000000000000b5da       0xc1 build/py/mpz.o
                0x000000000000b5da                mpz_sub_inpl
 .text.mpz_and_inpl
                0x000000000000b69b      0x142 build/py/mpz.o
                0x000000000000b69b                mpz_and_inpl
 .text.mpz_or_inpl
                0x000000000000b7dd      0x14f build/py/mpz.o
                0x000000000000b7dd                mpz_or_inpl
 .text.mpz_xor_inpl
                0x000000000000b92c      0x125 build/py/mpz.o
                0x000000000000b92c                mpz_xor_inpl
 .text.mpz_mul_inpl
                0x000000000000ba51      0x146 build/py/mpz.o
                0x000000000000ba51                mpz_mul_inpl
 .text.mpz_pow_inpl
                0x000000000000bb97       0xb3 build/py/mpz.o
                0x000000000000bb97                mpz_pow_inpl
 .text.mpz_divmod_inpl
                0x000000000000bc4a      0x3ae build/py/mpz.o
                0x000000000000bc4a                mpz_divmod_inpl
 .text.mpz_hash
                0x000000000000bff8       0x2c build/py/mpz.o
                0x000000000000bff8                mpz_hash
 .text.mpz_as_int_checked
                0x000000000000c024       0x3c build/py/mpz.o
                0x000000000000c024                mpz_as_int_checked
 .text.mpz_as_bytes
                0x000000000000c060       0xcc build/py/mpz.o
                0x000000000000c060                mpz_as_bytes
 .text.mpz_as_float
                0x000000000000c12c       0x3f build/py/mpz.o
                0x000000000000c12c                mpz_as_float
 .text.mpz_as_str_inpl
                0x000000000000c16b      0x1c3 build/py/mpz.o
                0x000000000000c16b                mpz_as_str_inpl
 .text.mp_reader_posix_close
                0x000000000000c32e       0x1a build/py/reader.o
 .text.mp_reader_posix_readbyte
                0x000000000000c348       0x61 build/py/reader.o
 .text.mp_reader_new_file_from_fd
                0x000000000000c3a9       0x86 build/py/reader.o
                0x000000000000c3a9                mp_reader_new_file_from_fd
 .text.mp_reader_new_file
                0x000000000000c42f       0x35 build/py/reader.o
                0x000000000000c42f                mp_reader_new_file
 .text.next_char
                0x000000000000c464       0x85 build/py/lexer.o
 .text.skip_whitespace
                0x000000000000c4e9       0x7f build/py/lexer.o
 .text.is_string_or_bytes
                0x000000000000c568       0x64 build/py/lexer.o
 .text.mp_lexer_to_next
                0x000000000000c5cc      0x7f9 build/py/lexer.o
                0x000000000000c5cc                mp_lexer_to_next
 .text.mp_lexer_new
                0x000000000000cdc5       0xc7 build/py/lexer.o
                0x000000000000cdc5                mp_lexer_new
 .text.mp_lexer_new_from_file
                0x000000000000ce8c       0x62 build/py/lexer.o
                0x000000000000ce8c                mp_lexer_new_from_file
 .text.mp_lexer_free
                0x000000000000ceee       0x2f build/py/lexer.o
                0x000000000000ceee                mp_lexer_free
 .text.parser_alloc
                0x000000000000cf1d       0xaf build/py/parse.o
 .text.push_result_node
                0x000000000000cfcc       0x48 build/py/parse.o
 .text.push_rule
                0x000000000000d014       0x7f build/py/parse.o
 .text.peek_result
                0x000000000000d093       0x39 build/py/parse.o
 .text.pop_result
                0x000000000000d0cc       0x3c build/py/parse.o
 .text.push_rule_from_arg
                0x000000000000d108       0x46 build/py/parse.o
 .text.push_result_token
                0x000000000000d14e      0x183 build/py/parse.o
 .text.mp_parse_node_is_const_false
                0x000000000000d2d1       0x22 build/py/parse.o
                0x000000000000d2d1                mp_parse_node_is_const_false
 .text.mp_parse_node_is_const_true
                0x000000000000d2f3       0x22 build/py/parse.o
                0x000000000000d2f3                mp_parse_node_is_const_true
 .text.mp_parse_node_get_int_maybe
                0x000000000000d315       0x4f build/py/parse.o
                0x000000000000d315                mp_parse_node_get_int_maybe
 .text.push_result_rule
                0x000000000000d364      0x65b build/py/parse.o
 .text.mp_parse_node_extract_list
                0x000000000000d9bf       0x37 build/py/parse.o
                0x000000000000d9bf                mp_parse_node_extract_list
 .text.mp_parse
                0x000000000000d9f6      0x6b4 build/py/parse.o
                0x000000000000d9f6                mp_parse
 .text.mp_parse_tree_clear
                0x000000000000e0aa       0x1e build/py/parse.o
                0x000000000000e0aa                mp_parse_tree_clear
 .text.scope_new
                0x000000000000e0c8       0xa7 build/py/scope.o
                0x000000000000e0c8                scope_new
 .text.scope_free
                0x000000000000e16f       0x16 build/py/scope.o
                0x000000000000e16f                scope_free
 .text.scope_find
                0x000000000000e185       0x24 build/py/scope.o
                0x000000000000e185                scope_find
 .text.scope_find_or_add_id
                0x000000000000e1a9       0x67 build/py/scope.o
                0x000000000000e1a9                scope_find_or_add_id
 .text.scope_find_global
                0x000000000000e210       0x13 build/py/scope.o
                0x000000000000e210                scope_find_global
 .text.scope_check_to_close_over
                0x000000000000e223       0xbb build/py/scope.o
                0x000000000000e223                scope_check_to_close_over
 .text.reserve_labels_for_native
                0x000000000000e2de        0xf build/py/compile.o
 .text.compile_increase_except_level
                0x000000000000e2ed       0x2d build/py/compile.o
 .text.apply_to_single_or_list
                0x000000000000e31a       0x51 build/py/compile.o
 .text.compile_del_stmt
                0x000000000000e36b       0x15 build/py/compile.o
 .text.compile_import_name
                0x000000000000e380       0x15 build/py/compile.o
 .text.compile_yield_from
                0x000000000000e395       0x45 build/py/compile.o
 .text.compile_await_object_method
                0x000000000000e3da       0x31 build/py/compile.o
 .text.compile_trailer_period
                0x000000000000e40b       0x1e build/py/compile.o
 .text.compile_const_object
                0x000000000000e429       0x15 build/py/compile.o
 .text.scope_new_and_link
                0x000000000000e43e       0x46 build/py/compile.o
 .text.close_over_variables_etc
                0x000000000000e484      0x111 build/py/compile.o
 .text.compile_funcdef_lambdef
                0x000000000000e595       0x97 build/py/compile.o
 .text.compile_lambdef
                0x000000000000e62c       0x43 build/py/compile.o
 .text.compile_funcdef_helper
                0x000000000000e66f       0x46 build/py/compile.o
 .text.do_import_name
                0x000000000000e6b5      0x1e4 build/py/compile.o
 .text.compile_error_set_line.isra.3
                0x000000000000e899       0x17 build/py/compile.o
 .text.compile_decrease_except_level
                0x000000000000e8b0       0x4d build/py/compile.o
 .text.compile_syntax_error
                0x000000000000e8fd       0x36 build/py/compile.o
 .text.compile_scope_inline_asm
                0x000000000000e933      0x48c build/py/compile.o
 .text.compile_star_expr
                0x000000000000edbf        0xc build/py/compile.o
 .text.compile_break_cont_stmt
                0x000000000000edcb       0x70 build/py/compile.o
 .text.compile_viper_type_annotation
                0x000000000000ee3b       0x6b build/py/compile.o
 .text.compile_scope_func_lambda_param
                0x000000000000eea6      0x1e9 build/py/compile.o
 .text.compile_scope_lambda_param
                0x000000000000f08f       0x15 build/py/compile.o
 .text.compile_scope_func_param
                0x000000000000f0a4       0x15 build/py/compile.o
 .text.compile_load_id
                0x000000000000f0b9       0x31 build/py/compile.o
 .text.compile_store_id
                0x000000000000f0ea       0x29 build/py/compile.o
 .text.compile_funcdef
                0x000000000000f113       0x1d build/py/compile.o
 .text.compile_import_from
                0x000000000000f130      0x28c build/py/compile.o
 .text.compile_dotted_as_name
                0x000000000000f3bc       0x72 build/py/compile.o
 .text.compile_node
                0x000000000000f42e      0x190 build/py/compile.o
 .text.c_assign
                0x000000000000f5be      0x370 build/py/compile.o
 .text.c_assign_tuple
                0x000000000000f92e      0x13c build/py/compile.o
 .text.compile_yield_expr
                0x000000000000fa6a       0x7f build/py/compile.o
 .text.compile_namedexpr_helper
                0x000000000000fae9       0x6f build/py/compile.o
 .text.compile_namedexpr
                0x000000000000fb58        0xd build/py/compile.o
 .text.compile_comprehension
                0x000000000000fb65       0xd2 build/py/compile.o
 .text.compile_trailer_paren_helper
                0x000000000000fc37      0x240 build/py/compile.o
 .text.compile_classdef_helper
                0x000000000000fe77       0x8b build/py/compile.o
 .text.compile_classdef
                0x000000000000ff02       0x1d build/py/compile.o
 .text.compile_trailer_paren
                0x000000000000ff1f        0xd build/py/compile.o
 .text.compile_dictorsetmaker_item
                0x000000000000ff2c       0x24 build/py/compile.o
 .text.compile_subscript
                0x000000000000ff50      0x174 build/py/compile.o
 .text.compile_trailer_bracket
                0x00000000000100c4       0x21 build/py/compile.o
 .text.c_tuple  0x00000000000100e5       0x67 build/py/compile.o
 .text.compile_atom_paren
                0x000000000001014c       0xce build/py/compile.o
 .text.compile_generic_tuple
                0x000000000001021a        0xa build/py/compile.o
 .text.compile_atom_expr_normal
                0x0000000000010224      0x1cd build/py/compile.o
 .text.compile_term
                0x00000000000103f1       0x63 build/py/compile.o
 .text.compile_binary_op
                0x0000000000010454       0x5b build/py/compile.o
 .text.compile_comparison
                0x00000000000104af      0x1d6 build/py/compile.o
 .text.compile_not_test_2
                0x0000000000010685       0x24 build/py/compile.o
 .text.compile_or_and_test
                0x00000000000106a9       0x91 build/py/compile.o
 .text.compile_funcdef_lambdef_param
                0x000000000001073a      0x16c build/py/compile.o
 .text.compile_with_stmt_helper
                0x00000000000108a6       0xd0 build/py/compile.o
 .text.compile_for_stmt
                0x0000000000010976      0x4f1 build/py/compile.o
 .text.compile_async_with_stmt_helper
                0x0000000000010e67      0x387 build/py/compile.o
 .text.compile_raise_stmt
                0x00000000000111ee       0x80 build/py/compile.o
 .text.compile_yield_stmt
                0x000000000001126e       0x1f build/py/compile.o
 .text.c_del_stmt
                0x000000000001128d      0x288 build/py/compile.o
 .text.compile_expr_stmt
                0x0000000000011515      0x344 build/py/compile.o
 .text.compile_decorated
                0x0000000000011859      0x2f6 build/py/compile.o
 .text.compile_generic_all_nodes
                0x0000000000011b4f       0x56 build/py/compile.o
 .text.compile_power
                0x0000000000011ba5       0x20 build/py/compile.o
 .text.compile_atom_bracket
                0x0000000000011bc5      0x143 build/py/compile.o
 .text.c_if_cond
                0x0000000000011d08      0x1e3 build/py/compile.o
 .text.compile_scope_comp_iter
                0x0000000000011eeb      0x17c build/py/compile.o
 .text.compile_scope
                0x0000000000012067      0x4f9 build/py/compile.o
 .text.compile_test_if_expr
                0x0000000000012560       0xbf build/py/compile.o
 .text.compile_while_stmt
                0x000000000001261f       0xfc build/py/compile.o
 .text.compile_if_stmt
                0x000000000001271b      0x1ce build/py/compile.o
 .text.compile_atom_expr_await
                0x00000000000128e9       0x2e build/py/compile.o
 .text.compile_factor_2
                0x0000000000012917       0x62 build/py/compile.o
 .text.compile_with_stmt
                0x0000000000012979       0x80 build/py/compile.o
 .text.compile_async_stmt
                0x00000000000129f9      0x333 build/py/compile.o
 .text.compile_assert_stmt
                0x0000000000012d2c       0x97 build/py/compile.o
 .text.compile_return_stmt
                0x0000000000012dc3       0xb8 build/py/compile.o
 .text.compile_global_nonlocal_stmt
                0x0000000000012e7b      0x12c build/py/compile.o
 .text.compile_atom_brace
                0x0000000000012fa7      0x262 build/py/compile.o
 .text.compile_try_except
                0x0000000000013209      0x2c5 build/py/compile.o
 .text.compile_try_finally
                0x00000000000134ce       0xe1 build/py/compile.o
 .text.compile_try_stmt
                0x00000000000135af       0xe2 build/py/compile.o
 .text.mp_compile_to_raw_code
                0x0000000000013691      0x534 build/py/compile.o
                0x0000000000013691                mp_compile_to_raw_code
 .text.mp_emit_common_get_id_for_modification
                0x0000000000013bc5       0x1d build/py/emitcommon.o
                0x0000000000013bc5                mp_emit_common_get_id_for_modification
 .text.mp_emit_common_id_op
                0x0000000000013be2       0xb5 build/py/emitcommon.o
                0x0000000000013be2                mp_emit_common_id_op
 .text.mp_emit_bc_last_emit_was_return_value
                0x0000000000013c97        0x8 build/py/emitbc.o
                0x0000000000013c97                mp_emit_bc_last_emit_was_return_value
 .text.emit_get_cur_to_write_code_info
                0x0000000000013c9f       0x4a build/py/emitbc.o
 .text.emit_write_code_info_byte
                0x0000000000013ce9       0x11 build/py/emitbc.o
 .text.emit_write_code_info_qstr
                0x0000000000013cfa       0x19 build/py/emitbc.o
 .text.mp_emit_bc_start_pass
                0x0000000000013d13      0x25c build/py/emitbc.o
                0x0000000000013d13                mp_emit_bc_start_pass
 .text.mp_emit_bc_adjust_stack_size
                0x0000000000013f6f       0x4f build/py/emitbc.o
                0x0000000000013f6f                mp_emit_bc_adjust_stack_size
 .text.mp_emit_bc_for_iter_end
                0x0000000000013fbe        0xc build/py/emitbc.o
                0x0000000000013fbe                mp_emit_bc_for_iter_end
 .text.mp_emit_bc_start_except_handler
                0x0000000000013fca        0xa build/py/emitbc.o
                0x0000000000013fca                mp_emit_bc_start_except_handler
 .text.mp_emit_bc_end_except_handler
                0x0000000000013fd4        0xc build/py/emitbc.o
                0x0000000000013fd4                mp_emit_bc_end_except_handler
 .text.mp_emit_bc_set_source_line
                0x0000000000013fe0      0x10f build/py/emitbc.o
                0x0000000000013fe0                mp_emit_bc_set_source_line
 .text.mp_emit_bc_label_assign
                0x00000000000140ef       0xa4 build/py/emitbc.o
                0x00000000000140ef                mp_emit_bc_label_assign
 .text.emit_get_cur_to_write_bytecode
                0x0000000000014193       0x4e build/py/emitbc.o
 .text.emit_write_bytecode_byte
                0x00000000000141e1       0x27 build/py/emitbc.o
 .text.mp_emit_bc_load_null
                0x0000000000014208        0xf build/py/emitbc.o
                0x0000000000014208                mp_emit_bc_load_null
 .text.mp_emit_bc_load_build_class
                0x0000000000014217        0xf build/py/emitbc.o
                0x0000000000014217                mp_emit_bc_load_build_class
 .text.mp_emit_bc_dup_top
                0x0000000000014226        0xf build/py/emitbc.o
                0x0000000000014226                mp_emit_bc_dup_top
 .text.mp_emit_bc_dup_top_two
                0x0000000000014235        0xf build/py/emitbc.o
                0x0000000000014235                mp_emit_bc_dup_top_two
 .text.mp_emit_bc_pop_top
                0x0000000000014244        0xd build/py/emitbc.o
                0x0000000000014244                mp_emit_bc_pop_top
 .text.mp_emit_bc_rot_two
                0x0000000000014251        0xc build/py/emitbc.o
                0x0000000000014251                mp_emit_bc_rot_two
 .text.mp_emit_bc_rot_three
                0x000000000001425d        0xc build/py/emitbc.o
                0x000000000001425d                mp_emit_bc_rot_three
 .text.mp_emit_bc_end_finally
                0x0000000000014269        0xd build/py/emitbc.o
                0x0000000000014269                mp_emit_bc_end_finally
 .text.mp_emit_bc_get_iter
                0x0000000000014276       0x1b build/py/emitbc.o
                0x0000000000014276                mp_emit_bc_get_iter
 .text.mp_emit_bc_unary_op
                0x0000000000014291        0xd build/py/emitbc.o
                0x0000000000014291                mp_emit_bc_unary_op
 .text.mp_emit_bc_store_map
                0x000000000001429e        0xf build/py/emitbc.o
                0x000000000001429e                mp_emit_bc_store_map
 .text.mp_emit_bc_return_value
                0x00000000000142ad       0x17 build/py/emitbc.o
                0x00000000000142ad                mp_emit_bc_return_value
 .text.mp_emit_bc_yield
                0x00000000000142c4       0x1c build/py/emitbc.o
                0x00000000000142c4                mp_emit_bc_yield
 .text.emit_write_bytecode_raw_byte
                0x00000000000142e0       0x11 build/py/emitbc.o
 .text.emit_write_bytecode_byte_signed_label
                0x00000000000142f1       0x51 build/py/emitbc.o
 .text.mp_emit_bc_jump
                0x0000000000014342        0xf build/py/emitbc.o
                0x0000000000014342                mp_emit_bc_jump
 .text.emit_write_bytecode_byte_unsigned_label
                0x0000000000014351       0x58 build/py/emitbc.o
 .text.mp_emit_bc_setup_block
                0x00000000000143a9       0x16 build/py/emitbc.o
                0x00000000000143a9                mp_emit_bc_setup_block
 .text.mp_emit_bc_for_iter
                0x00000000000143bf       0x12 build/py/emitbc.o
                0x00000000000143bf                mp_emit_bc_for_iter
 .text.mp_emit_bc_pop_except_jump
                0x00000000000143d1        0xf build/py/emitbc.o
                0x00000000000143d1                mp_emit_bc_pop_except_jump
 .text.mp_emit_bc_subscr
                0x00000000000143e0       0x37 build/py/emitbc.o
                0x00000000000143e0                mp_emit_bc_subscr
 .text.mp_emit_bc_binary_op
                0x0000000000014417       0x51 build/py/emitbc.o
                0x0000000000014417                mp_emit_bc_binary_op
 .text.mp_emit_bc_pop_jump_if
                0x0000000000014468       0x1a build/py/emitbc.o
                0x0000000000014468                mp_emit_bc_pop_jump_if
 .text.mp_emit_bc_jump_if_or_pop
                0x0000000000014482       0x1a build/py/emitbc.o
                0x0000000000014482                mp_emit_bc_jump_if_or_pop
 .text.mp_emit_bc_unwind_jump
                0x000000000001449c       0xa3 build/py/emitbc.o
                0x000000000001449c                mp_emit_bc_unwind_jump
 .text.emit_write_bytecode_byte_qstr
                0x000000000001453f       0x5c build/py/emitbc.o
 .text.mp_emit_bc_import
                0x000000000001459b       0x2a build/py/emitbc.o
                0x000000000001459b                mp_emit_bc_import
 .text.mp_emit_bc_load_const_str
                0x00000000000145c5       0x12 build/py/emitbc.o
                0x00000000000145c5                mp_emit_bc_load_const_str
 .text.mp_emit_bc_load_global
                0x00000000000145d7       0x2d build/py/emitbc.o
                0x00000000000145d7                mp_emit_bc_load_global
 .text.mp_emit_bc_load_method
                0x0000000000014604       0x1c build/py/emitbc.o
                0x0000000000014604                mp_emit_bc_load_method
 .text.mp_emit_bc_attr
                0x0000000000014620       0x64 build/py/emitbc.o
                0x0000000000014620                mp_emit_bc_attr
 .text.mp_emit_bc_store_global
                0x0000000000014684       0x11 build/py/emitbc.o
                0x0000000000014684                mp_emit_bc_store_global
 .text.mp_emit_bc_delete_global
                0x0000000000014695       0x10 build/py/emitbc.o
                0x0000000000014695                mp_emit_bc_delete_global
 .text.mp_emit_bc_raise_varargs
                0x00000000000146a5       0x36 build/py/emitbc.o
                0x00000000000146a5                mp_emit_bc_raise_varargs
 .text.mp_emit_bc_end_pass
                0x00000000000146db      0x165 build/py/emitbc.o
                0x00000000000146db                mp_emit_bc_end_pass
 .text.mp_emit_bc_load_const_small_int
                0x0000000000014840       0xf3 build/py/emitbc.o
                0x0000000000014840                mp_emit_bc_load_const_small_int
 .text.emit_write_bytecode_byte_uint
                0x0000000000014933       0x9c build/py/emitbc.o
 .text.emit_write_bytecode_byte_raw_code
                0x00000000000149cf       0x47 build/py/emitbc.o
 .text.mp_emit_bc_make_function
                0x0000000000014a16       0x25 build/py/emitbc.o
                0x0000000000014a16                mp_emit_bc_make_function
 .text.mp_emit_bc_make_closure
                0x0000000000014a3b       0x72 build/py/emitbc.o
                0x0000000000014a3b                mp_emit_bc_make_closure
 .text.mp_emit_bc_delete_local
                0x0000000000014aad       0x12 build/py/emitbc.o
                0x0000000000014aad                mp_emit_bc_delete_local
 .text.mp_emit_bc_build
                0x0000000000014abf       0x1a build/py/emitbc.o
                0x0000000000014abf                mp_emit_bc_build
 .text.mp_emit_bc_store_comp
                0x0000000000014ad9       0x3c build/py/emitbc.o
                0x0000000000014ad9                mp_emit_bc_store_comp
 .text.mp_emit_bc_unpack_sequence
                0x0000000000014b15       0x10 build/py/emitbc.o
                0x0000000000014b15                mp_emit_bc_unpack_sequence
 .text.mp_emit_bc_unpack_ex
                0x0000000000014b25       0x16 build/py/emitbc.o
                0x0000000000014b25                mp_emit_bc_unpack_ex
 .text.emit_bc_call_function_method_helper
                0x0000000000014b3b       0x1f build/py/emitbc.o
 .text.mp_emit_bc_call_function
                0x0000000000014b5a       0x15 build/py/emitbc.o
                0x0000000000014b5a                mp_emit_bc_call_function
 .text.mp_emit_bc_call_method
                0x0000000000014b6f       0x16 build/py/emitbc.o
                0x0000000000014b6f                mp_emit_bc_call_method
 .text.mp_emit_bc_load_local
                0x0000000000014b85       0x30 build/py/emitbc.o
                0x0000000000014b85                mp_emit_bc_load_local
 .text.mp_emit_bc_store_local
                0x0000000000014bb5       0x2c build/py/emitbc.o
                0x0000000000014bb5                mp_emit_bc_store_local
 .text.emit_write_bytecode_byte_obj.constprop.22
                0x0000000000014be1       0x3d build/py/emitbc.o
 .text.mp_emit_bc_load_const_tok
                0x0000000000014c1e       0x22 build/py/emitbc.o
                0x0000000000014c1e                mp_emit_bc_load_const_tok
 .text.mp_emit_bc_with_cleanup
                0x0000000000014c40       0x45 build/py/emitbc.o
                0x0000000000014c40                mp_emit_bc_with_cleanup
 .text.mp_emit_bc_load_const_obj
                0x0000000000014c85        0x5 build/py/emitbc.o
                0x0000000000014c85                mp_emit_bc_load_const_obj
 .text.emit_bc_new
                0x0000000000014c8a        0xa build/py/emitbc.o
                0x0000000000014c8a                emit_bc_new
 .text.emit_bc_set_max_num_labels
                0x0000000000014c94       0x1b build/py/emitbc.o
                0x0000000000014c94                emit_bc_set_max_num_labels
 .text.emit_bc_free
                0x0000000000014caf       0x16 build/py/emitbc.o
                0x0000000000014caf                emit_bc_free
 .text.mp_asm_base_init
                0x0000000000014cc5       0x1b build/py/asmbase.o
                0x0000000000014cc5                mp_asm_base_init
 .text.mp_asm_base_deinit
                0x0000000000014ce0       0x1c build/py/asmbase.o
                0x0000000000014ce0                mp_asm_base_deinit
 .text.mp_asm_base_start_pass
                0x0000000000014cfc       0x6c build/py/asmbase.o
                0x0000000000014cfc                mp_asm_base_start_pass
 .text.mp_asm_base_get_cur_to_write_bytes
                0x0000000000014d68       0x42 build/py/asmbase.o
                0x0000000000014d68                mp_asm_base_get_cur_to_write_bytes
 .text.mp_asm_base_label_assign
                0x0000000000014daa       0x87 build/py/asmbase.o
                0x0000000000014daa                mp_asm_base_label_assign
 .text.mp_asm_base_align
                0x0000000000014e31       0x14 build/py/asmbase.o
                0x0000000000014e31                mp_asm_base_align
 .text.mp_asm_base_data
                0x0000000000014e45       0x2e build/py/asmbase.o
                0x0000000000014e45                mp_asm_base_data
 .text.asm_x64_write_byte_1
                0x0000000000014e73       0x16 build/py/asmx64.o
 .text.asm_x64_write_byte_2
                0x0000000000014e89       0x23 build/py/asmx64.o
 .text.asm_x64_write_byte_3
                0x0000000000014eac       0x29 build/py/asmx64.o
 .text.asm_x64_generic_r64_r64
                0x0000000000014ed5       0x38 build/py/asmx64.o
 .text.asm_x64_write_word32
                0x0000000000014f0d       0x27 build/py/asmx64.o
 .text.asm_x64_write_r64_disp
                0x0000000000014f34       0x99 build/py/asmx64.o
 .text.asm_x64_sub_r64_i32.constprop.6
                0x0000000000014fcd       0x58 build/py/asmx64.o
 .text.asm_x64_mov_r64_r64
                0x0000000000015025        0xa build/py/asmx64.o
                0x0000000000015025                asm_x64_mov_r64_r64
 .text.asm_x64_mov_r8_to_mem8
                0x000000000001502f       0x68 build/py/asmx64.o
                0x000000000001502f                asm_x64_mov_r8_to_mem8
 .text.asm_x64_mov_r16_to_mem16
                0x0000000000015097       0x71 build/py/asmx64.o
                0x0000000000015097                asm_x64_mov_r16_to_mem16
 .text.asm_x64_mov_r32_to_mem32
                0x0000000000015108       0x68 build/py/asmx64.o
                0x0000000000015108                asm_x64_mov_r32_to_mem32
 .text.asm_x64_mov_r64_to_mem64
                0x0000000000015170       0x4f build/py/asmx64.o
                0x0000000000015170                asm_x64_mov_r64_to_mem64
 .text.asm_x64_mov_mem8_to_r64zx
                0x00000000000151bf       0x7a build/py/asmx64.o
                0x00000000000151bf                asm_x64_mov_mem8_to_r64zx
 .text.asm_x64_mov_mem16_to_r64zx
                0x0000000000015239       0x7a build/py/asmx64.o
                0x0000000000015239                asm_x64_mov_mem16_to_r64zx
 .text.asm_x64_mov_mem32_to_r64zx
                0x00000000000152b3       0x70 build/py/asmx64.o
                0x00000000000152b3                asm_x64_mov_mem32_to_r64zx
 .text.asm_x64_mov_mem64_to_r64
                0x0000000000015323       0x4c build/py/asmx64.o
                0x0000000000015323                asm_x64_mov_mem64_to_r64
 .text.asm_x64_mov_i32_to_r64
                0x000000000001536f       0x41 build/py/asmx64.o
                0x000000000001536f                asm_x64_mov_i32_to_r64
 .text.asm_x64_mov_i64_to_r64
                0x00000000000153b0       0x81 build/py/asmx64.o
                0x00000000000153b0                asm_x64_mov_i64_to_r64
 .text.asm_x64_mov_i64_to_r64_optimised
                0x0000000000015431       0x19 build/py/asmx64.o
                0x0000000000015431                asm_x64_mov_i64_to_r64_optimised
 .text.asm_x64_and_r64_r64
                0x000000000001544a        0xa build/py/asmx64.o
                0x000000000001544a                asm_x64_and_r64_r64
 .text.asm_x64_or_r64_r64
                0x0000000000015454        0xa build/py/asmx64.o
                0x0000000000015454                asm_x64_or_r64_r64
 .text.asm_x64_xor_r64_r64
                0x000000000001545e        0xa build/py/asmx64.o
                0x000000000001545e                asm_x64_xor_r64_r64
 .text.asm_x64_shl_r64_cl
                0x0000000000015468        0xf build/py/asmx64.o
                0x0000000000015468                asm_x64_shl_r64_cl
 .text.asm_x64_shr_r64_cl
                0x0000000000015477        0xf build/py/asmx64.o
                0x0000000000015477                asm_x64_shr_r64_cl
 .text.asm_x64_sar_r64_cl
                0x0000000000015486        0xf build/py/asmx64.o
                0x0000000000015486                asm_x64_sar_r64_cl
 .text.asm_x64_add_r64_r64
                0x0000000000015495        0xa build/py/asmx64.o
                0x0000000000015495                asm_x64_add_r64_r64
 .text.asm_x64_sub_r64_r64
                0x000000000001549f        0xa build/py/asmx64.o
                0x000000000001549f                asm_x64_sub_r64_r64
 .text.asm_x64_mul_r64_r64
                0x00000000000154a9       0x56 build/py/asmx64.o
                0x00000000000154a9                asm_x64_mul_r64_r64
 .text.asm_x64_cmp_r64_with_r64
                0x00000000000154ff       0x10 build/py/asmx64.o
                0x00000000000154ff                asm_x64_cmp_r64_with_r64
 .text.asm_x64_test_r8_with_r8
                0x000000000001550f       0x65 build/py/asmx64.o
                0x000000000001550f                asm_x64_test_r8_with_r8
 .text.asm_x64_test_r64_with_r64
                0x0000000000015574       0x10 build/py/asmx64.o
                0x0000000000015574                asm_x64_test_r64_with_r64
 .text.asm_x64_setcc_r8
                0x0000000000015584       0x41 build/py/asmx64.o
                0x0000000000015584                asm_x64_setcc_r8
 .text.asm_x64_jmp_reg
                0x00000000000155c5       0x3a build/py/asmx64.o
                0x00000000000155c5                asm_x64_jmp_reg
 .text.asm_x64_jmp_label
                0x00000000000155ff       0x72 build/py/asmx64.o
                0x00000000000155ff                asm_x64_jmp_label
 .text.asm_x64_jcc_label
                0x0000000000015671       0x7b build/py/asmx64.o
                0x0000000000015671                asm_x64_jcc_label
 .text.asm_x64_entry
                0x00000000000156ec       0x82 build/py/asmx64.o
                0x00000000000156ec                asm_x64_entry
 .text.asm_x64_exit
                0x000000000001576e       0x59 build/py/asmx64.o
                0x000000000001576e                asm_x64_exit
 .text.asm_x64_mov_local_to_r64
                0x00000000000157c7       0x11 build/py/asmx64.o
                0x00000000000157c7                asm_x64_mov_local_to_r64
 .text.asm_x64_mov_r64_to_local
                0x00000000000157d8       0x11 build/py/asmx64.o
                0x00000000000157d8                asm_x64_mov_r64_to_local
 .text.asm_x64_mov_local_addr_to_r64
                0x00000000000157e9       0x6a build/py/asmx64.o
                0x00000000000157e9                asm_x64_mov_local_addr_to_r64
 .text.asm_x64_mov_reg_pcrel
                0x0000000000015853       0x57 build/py/asmx64.o
                0x0000000000015853                asm_x64_mov_reg_pcrel
 .text.asm_x64_call_ind
                0x00000000000158aa       0x5a build/py/asmx64.o
                0x00000000000158aa                asm_x64_call_ind
 .text.emit_native_last_emit_was_return_value
                0x0000000000015904        0x7 build/py/emitnx64.o
 .text.emit_native_set_source_line
                0x000000000001590b        0x1 build/py/emitnx64.o
 .text.emit_native_x64_new
                0x000000000001590c       0x7a build/py/emitnx64.o
                0x000000000001590c                emit_native_x64_new
 .text.emit_native_x64_free
                0x0000000000015986       0x42 build/py/emitnx64.o
                0x0000000000015986                emit_native_x64_free
 .text.ensure_extra_stack
                0x00000000000159c8       0x3a build/py/emitnx64.o
 .text.emit_native_push_exc_stack
                0x0000000000015a02       0xaa build/py/emitnx64.o
 .text.adjust_stack
                0x0000000000015aac       0x71 build/py/emitnx64.o
 .text.emit_native_end_except_handler
                0x0000000000015b1d        0x9 build/py/emitnx64.o
 .text.emit_pre_pop_discard
                0x0000000000015b26       0x10 build/py/emitnx64.o
 .text.emit_native_pop_top
                0x0000000000015b36        0x5 build/py/emitnx64.o
 .text.emit_native_for_iter_end
                0x0000000000015b3b       0x13 build/py/emitnx64.o
 .text.emit_post_push_reg
                0x0000000000015b4e       0x40 build/py/emitnx64.o
 .text.emit_post_push_imm
                0x0000000000015b8e       0x42 build/py/emitnx64.o
 .text.emit_native_load_null
                0x0000000000015bd0       0x10 build/py/emitnx64.o
 .text.emit_native_load_const_small_int
                0x0000000000015be0       0x14 build/py/emitnx64.o
 .text.emit_native_adjust_stack_size
                0x0000000000015bf4       0x5e build/py/emitnx64.o
 .text.emit_native_leave_exc_stack
                0x0000000000015c52       0x8c build/py/emitnx64.o
 .text.emit_native_start_except_handler
                0x0000000000015cde       0x2e build/py/emitnx64.o
 .text.emit_native_mov_reg_state
                0x0000000000015d0c       0x33 build/py/emitnx64.o
 .text.emit_load_reg_with_ptr
                0x0000000000015d3f       0x79 build/py/emitnx64.o
 .text.emit_native_mov_state_reg
                0x0000000000015db8       0x2f build/py/emitnx64.o
 .text.need_reg_single
                0x0000000000015de7       0x61 build/py/emitnx64.o
 .text.emit_native_load_fast
                0x0000000000015e48       0xa0 build/py/emitnx64.o
 .text.need_reg_all
                0x0000000000015ee8       0x44 build/py/emitnx64.o
 .text.emit_call_with_imm_arg
                0x0000000000015f2c       0x43 build/py/emitnx64.o
 .text.emit_call
                0x0000000000015f6f       0x23 build/py/emitnx64.o
 .text.emit_native_load_build_class
                0x0000000000015f92       0x22 build/py/emitnx64.o
 .text.emit_call_with_qstr_arg
                0x0000000000015fb4       0x74 build/py/emitnx64.o
 .text.emit_native_delete_global
                0x0000000000016028       0x1a build/py/emitnx64.o
 .text.emit_native_load_global
                0x0000000000016042       0x60 build/py/emitnx64.o
 .text.emit_native_mov_reg_state_addr
                0x00000000000160a2       0x4e build/py/emitnx64.o
 .text.emit_get_stack_pointer_to_reg_for_push
                0x00000000000160f0       0x73 build/py/emitnx64.o
 .text.emit_native_load_const_obj
                0x0000000000016163       0x53 build/py/emitnx64.o
 .text.emit_native_load_const_tok
                0x00000000000161b6       0x38 build/py/emitnx64.o
 .text.emit_fold_stack_top.constprop.28
                0x00000000000161ee       0x5a build/py/emitnx64.o
 .text.emit_native_load_const_str
                0x0000000000016248       0x70 build/py/emitnx64.o
 .text.emit_call_with_2_imm_args.constprop.30
                0x00000000000162b8       0x59 build/py/emitnx64.o
 .text.peek_vtype
                0x0000000000016311       0x1d build/py/emitnx64.o
 .text.load_reg_stack_imm
                0x000000000001632e       0xa4 build/py/emitnx64.o
 .text.need_stack_settled
                0x00000000000163d2       0x98 build/py/emitnx64.o
 .text.emit_native_jump
                0x000000000001646a       0x2f build/py/emitnx64.o
 .text.emit_native_pop_except_jump
                0x0000000000016499       0x4a build/py/emitnx64.o
 .text.emit_native_unwind_jump
                0x00000000000164e3      0x123 build/py/emitnx64.o
 .text.emit_access_stack
                0x0000000000016606       0x9a build/py/emitnx64.o
 .text.emit_pre_pop_reg
                0x00000000000166a0       0x27 build/py/emitnx64.o
 .text.emit_pre_pop_reg_reg
                0x00000000000166c7       0x2f build/py/emitnx64.o
 .text.emit_native_rot_two
                0x00000000000166f6       0x6a build/py/emitnx64.o
 .text.emit_native_dup_top_two
                0x0000000000016760       0x8e build/py/emitnx64.o
 .text.emit_native_make_function
                0x00000000000167ee      0x11f build/py/emitnx64.o
 .text.emit_pre_pop_reg_reg_reg
                0x000000000001690d       0x4c build/py/emitnx64.o
 .text.emit_native_rot_three
                0x0000000000016959       0x93 build/py/emitnx64.o
 .text.emit_native_store_map
                0x00000000000169ec       0xdf build/py/emitnx64.o
 .text.emit_native_label_assign
                0x0000000000016acb       0xb2 build/py/emitnx64.o
 .text.emit_native_end_finally
                0x0000000000016b7d      0x114 build/py/emitnx64.o
 .text.emit_native_end_pass
                0x0000000000016c91      0x427 build/py/emitnx64.o
 .text.emit_native_global_exc_entry
                0x00000000000170b8      0x342 build/py/emitnx64.o
 .text.emit_native_start_pass
                0x00000000000173fa      0x763 build/py/emitnx64.o
 .text.emit_native_unpack_ex
                0x0000000000017b5d       0xa2 build/py/emitnx64.o
 .text.emit_native_unpack_sequence
                0x0000000000017bff       0x92 build/py/emitnx64.o
 .text.emit_native_get_iter
                0x0000000000017c91       0xbe build/py/emitnx64.o
 .text.emit_native_raise_varargs
                0x0000000000017d4f       0x98 build/py/emitnx64.o
 .text.emit_native_unary_op
                0x0000000000017de7       0xa3 build/py/emitnx64.o
 .text.emit_native_store_fast
                0x0000000000017e8a       0xf4 build/py/emitnx64.o
 .text.emit_native_delete_local
                0x0000000000017f7e       0x37 build/py/emitnx64.o
 .text.emit_native_jump_helper
                0x0000000000017fb5      0x15d build/py/emitnx64.o
 .text.emit_native_jump_if_or_pop
                0x0000000000018112        0xb build/py/emitnx64.o
 .text.emit_native_pop_jump_if
                0x000000000001811d        0xe build/py/emitnx64.o
 .text.emit_native_attr
                0x000000000001812b      0x131 build/py/emitnx64.o
 .text.emit_native_store_global
                0x000000000001825c       0xe1 build/py/emitnx64.o
 .text.emit_pre_pop_reg_flexible
                0x000000000001833d       0x63 build/py/emitnx64.o
 .text.emit_native_dup_top
                0x00000000000183a0       0x77 build/py/emitnx64.o
 .text.emit_native_store_local
                0x0000000000018417       0xcf build/py/emitnx64.o
 .text.emit_native_load_local
                0x00000000000184e6       0xa3 build/py/emitnx64.o
 .text.emit_native_binary_op
                0x0000000000018589      0x3e0 build/py/emitnx64.o
 .text.emit_native_store_comp
                0x0000000000018969      0x15d build/py/emitnx64.o
 .text.emit_native_import
                0x0000000000018ac6      0x151 build/py/emitnx64.o
 .text.emit_get_stack_pointer_to_reg_for_pop
                0x0000000000018c17      0x136 build/py/emitnx64.o
 .text.emit_native_yield
                0x0000000000018d4d      0x250 build/py/emitnx64.o
 .text.emit_native_call_method
                0x0000000000018f9d       0x74 build/py/emitnx64.o
 .text.emit_native_call_function
                0x0000000000019011      0x1c3 build/py/emitnx64.o
 .text.emit_native_make_closure
                0x00000000000191d4       0xa8 build/py/emitnx64.o
 .text.emit_native_build
                0x000000000001927c      0x1b2 build/py/emitnx64.o
 .text.emit_native_return_value
                0x000000000001942e      0x1ba build/py/emitnx64.o
 .text.emit_native_for_iter
                0x00000000000195e8       0x6f build/py/emitnx64.o
 .text.emit_native_with_cleanup
                0x0000000000019657      0x201 build/py/emitnx64.o
 .text.emit_native_setup_block
                0x0000000000019858      0x197 build/py/emitnx64.o
 .text.emit_native_load_method
                0x00000000000199ef       0xc8 build/py/emitnx64.o
 .text.emit_native_subscr
                0x0000000000019ab7      0x892 build/py/emitnx64.o
 .text.asm_x86_write_byte_2
                0x000000000001a349       0x23 build/py/asmx86.o
 .text.asm_x86_generic_r32_r32
                0x000000000001a36c       0x19 build/py/asmx86.o
 .text.asm_x86_write_byte_1
                0x000000000001a385       0x16 build/py/asmx86.o
 .text.asm_x86_write_word32
                0x000000000001a39b       0x27 build/py/asmx86.o
 .text.asm_x86_write_r32_disp
                0x000000000001a3c2       0x90 build/py/asmx86.o
 .text.asm_x86_sub_r32_i32.constprop.5
                0x000000000001a452       0x4e build/py/asmx86.o
 .text.asm_x86_mov_r32_r32
                0x000000000001a4a0        0xa build/py/asmx86.o
                0x000000000001a4a0                asm_x86_mov_r32_r32
 .text.asm_x86_mov_r8_to_mem8
                0x000000000001a4aa       0x35 build/py/asmx86.o
                0x000000000001a4aa                asm_x86_mov_r8_to_mem8
 .text.asm_x86_mov_r16_to_mem16
                0x000000000001a4df       0x3c build/py/asmx86.o
                0x000000000001a4df                asm_x86_mov_r16_to_mem16
 .text.asm_x86_mov_r32_to_mem32
                0x000000000001a51b       0x35 build/py/asmx86.o
                0x000000000001a51b                asm_x86_mov_r32_to_mem32
 .text.asm_x86_mov_mem8_to_r32zx
                0x000000000001a550       0x3b build/py/asmx86.o
                0x000000000001a550                asm_x86_mov_mem8_to_r32zx
 .text.asm_x86_mov_mem16_to_r32zx
                0x000000000001a58b       0x3b build/py/asmx86.o
                0x000000000001a58b                asm_x86_mov_mem16_to_r32zx
 .text.asm_x86_mov_mem32_to_r32
                0x000000000001a5c6       0x36 build/py/asmx86.o
                0x000000000001a5c6                asm_x86_mov_mem32_to_r32
 .text.asm_x86_mov_i32_to_r32
                0x000000000001a5fc       0x2c build/py/asmx86.o
                0x000000000001a5fc                asm_x86_mov_i32_to_r32
 .text.asm_x86_and_r32_r32
                0x000000000001a628        0xa build/py/asmx86.o
                0x000000000001a628                asm_x86_and_r32_r32
 .text.asm_x86_or_r32_r32
                0x000000000001a632        0xa build/py/asmx86.o
                0x000000000001a632                asm_x86_or_r32_r32
 .text.asm_x86_xor_r32_r32
                0x000000000001a63c        0xa build/py/asmx86.o
                0x000000000001a63c                asm_x86_xor_r32_r32
 .text.asm_x86_shl_r32_cl
                0x000000000001a646       0x11 build/py/asmx86.o
                0x000000000001a646                asm_x86_shl_r32_cl
 .text.asm_x86_shr_r32_cl
                0x000000000001a657       0x11 build/py/asmx86.o
                0x000000000001a657                asm_x86_shr_r32_cl
 .text.asm_x86_sar_r32_cl
                0x000000000001a668       0x11 build/py/asmx86.o
                0x000000000001a668                asm_x86_sar_r32_cl
 .text.asm_x86_add_r32_r32
                0x000000000001a679        0xa build/py/asmx86.o
                0x000000000001a679                asm_x86_add_r32_r32
 .text.asm_x86_sub_r32_r32
                0x000000000001a683        0xa build/py/asmx86.o
                0x000000000001a683                asm_x86_sub_r32_r32
 .text.asm_x86_mul_r32_r32
                0x000000000001a68d       0x2d build/py/asmx86.o
                0x000000000001a68d                asm_x86_mul_r32_r32
 .text.asm_x86_cmp_r32_with_r32
                0x000000000001a6ba       0x10 build/py/asmx86.o
                0x000000000001a6ba                asm_x86_cmp_r32_with_r32
 .text.asm_x86_test_r8_with_r8
                0x000000000001a6ca       0x15 build/py/asmx86.o
                0x000000000001a6ca                asm_x86_test_r8_with_r8
 .text.asm_x86_test_r32_with_r32
                0x000000000001a6df       0x10 build/py/asmx86.o
                0x000000000001a6df                asm_x86_test_r32_with_r32
 .text.asm_x86_setcc_r8
                0x000000000001a6ef       0x2e build/py/asmx86.o
                0x000000000001a6ef                asm_x86_setcc_r8
 .text.asm_x86_jmp_reg
                0x000000000001a71d       0x11 build/py/asmx86.o
                0x000000000001a71d                asm_x86_jmp_reg
 .text.asm_x86_jmp_label
                0x000000000001a72e       0x72 build/py/asmx86.o
                0x000000000001a72e                asm_x86_jmp_label
 .text.asm_x86_jcc_label
                0x000000000001a7a0       0x7b build/py/asmx86.o
                0x000000000001a7a0                asm_x86_jcc_label
 .text.asm_x86_entry
                0x000000000001a81b       0x78 build/py/asmx86.o
                0x000000000001a81b                asm_x86_entry
 .text.asm_x86_exit
                0x000000000001a893       0x4f build/py/asmx86.o
                0x000000000001a893                asm_x86_exit
 .text.asm_x86_mov_arg_to_r32
                0x000000000001a8e2       0x18 build/py/asmx86.o
                0x000000000001a8e2                asm_x86_mov_arg_to_r32
 .text.asm_x86_mov_local_to_r32
                0x000000000001a8fa       0x11 build/py/asmx86.o